Archive member included because of file (symbol)

c:\Users\Justi\AppData\Roaming\Code\User\globalStorage\vexrobotics.vexcode\sdk\cpp\IQ2\IQ2_20230627_09_00_00/vexiq2\libviq2rt.a(iq2_startup.c.o)
                              (vexStartup)
c:\Users\Justi\AppData\Roaming\Code\User\globalStorage\vexrobotics.vexcode\sdk\cpp\IQ2\IQ2_20230627_09_00_00/vexiq2\libviq2rt.a(iq2_apijump.c.o)
                              c:\Users\Justi\AppData\Roaming\Code\User\globalStorage\vexrobotics.vexcode\sdk\cpp\IQ2\IQ2_20230627_09_00_00/vexiq2\libviq2rt.a(iq2_startup.c.o) (vexTaskAdd)
c:\Users\Justi\AppData\Roaming\Code\User\globalStorage\vexrobotics.vexcode\sdk\cpp\IQ2\IQ2_20230627_09_00_00/vexiq2\libviq2rt.a(iq2_apiversions.c.o)
                              c:\Users\Justi\AppData\Roaming\Code\User\globalStorage\vexrobotics.vexcode\sdk\cpp\IQ2\IQ2_20230627_09_00_00/vexiq2\libviq2rt.a(iq2_apijump.c.o) (vexSystemVersion)
c:\Users\Justi\AppData\Roaming\Code\User\globalStorage\vexrobotics.vexcode\sdk\cpp\IQ2\IQ2_20230627_09_00_00/vexiq2\libviq2rt.a(vex_global.cpp.o)
                              build/src/main.o (vex::wait(double, vex::timeUnits))
c:\Users\Justi\AppData\Roaming\Code\User\globalStorage\vexrobotics.vexcode\sdk\cpp\IQ2\IQ2_20230627_09_00_00/vexiq2\libviq2rt.a(vex_color.cpp.o)
                              c:\Users\Justi\AppData\Roaming\Code\User\globalStorage\vexrobotics.vexcode\sdk\cpp\IQ2\IQ2_20230627_09_00_00/vexiq2\libviq2rt.a(vex_global.cpp.o) (vex::color::red_orange)
c:\Users\Justi\AppData\Roaming\Code\User\globalStorage\vexrobotics.vexcode\sdk\cpp\IQ2\IQ2_20230627_09_00_00/vexiq2\libviq2rt.a(vex_task.cpp.o)
                              build/src/main.o (vex::task::task(int (*)()))
c:\Users\Justi\AppData\Roaming\Code\User\globalStorage\vexrobotics.vexcode\sdk\cpp\IQ2\IQ2_20230627_09_00_00/vexiq2\libviq2rt.a(vex_thread.cpp.o)
                              c:\Users\Justi\AppData\Roaming\Code\User\globalStorage\vexrobotics.vexcode\sdk\cpp\IQ2\IQ2_20230627_09_00_00/vexiq2\libviq2rt.a(vex_global.cpp.o) (vex::this_thread::sleep_for(unsigned long))
c:\Users\Justi\AppData\Roaming\Code\User\globalStorage\vexrobotics.vexcode\sdk\cpp\IQ2\IQ2_20230627_09_00_00/vexiq2\libviq2rt.a(vex_brain.cpp.o)
                              build/src/main.o (vex::brain::~brain())
c:\Users\Justi\AppData\Roaming\Code\User\globalStorage\vexrobotics.vexcode\sdk\cpp\IQ2\IQ2_20230627_09_00_00/vexiq2\libviq2rt.a(vex_timer.cpp.o)
                              c:\Users\Justi\AppData\Roaming\Code\User\globalStorage\vexrobotics.vexcode\sdk\cpp\IQ2\IQ2_20230627_09_00_00/vexiq2\libviq2rt.a(vex_brain.cpp.o) (vex::timer::~timer())
c:\Users\Justi\AppData\Roaming\Code\User\globalStorage\vexrobotics.vexcode\sdk\cpp\IQ2\IQ2_20230627_09_00_00/vexiq2\libviq2rt.a(vex_motor.cpp.o)
                              build/src/main.o (vex::motor::~motor())
c:\Users\Justi\AppData\Roaming\Code\User\globalStorage\vexrobotics.vexcode\sdk\cpp\IQ2\IQ2_20230627_09_00_00/vexiq2\libviq2rt.a(vex_touchled.cpp.o)
                              build/src/main.o (vex::touchled::touchled(long))
c:\Users\Justi\AppData\Roaming\Code\User\globalStorage\vexrobotics.vexcode\sdk\cpp\IQ2\IQ2_20230627_09_00_00/vexiq2\libviq2rt.a(vex_imu.cpp.o)
                              build/src/main.o (vex::inertial::~inertial())
c:\Users\Justi\AppData\Roaming\Code\User\globalStorage\vexrobotics.vexcode\sdk\cpp\IQ2\IQ2_20230627_09_00_00/vexiq2\libviq2rt.a(vex_motorgroup.cpp.o)
                              build/src/main.o (vex::motor_group::motor_group())
c:\Users\Justi\AppData\Roaming\Code\User\globalStorage\vexrobotics.vexcode\sdk\cpp\IQ2\IQ2_20230627_09_00_00/vexiq2\libviq2rt.a(vex_drivetrain.cpp.o)
                              build/src/main.o (vex::drivetrain::setDriveVelocity(double, vex::percentUnits))
c:\Users\Justi\AppData\Roaming\Code\User\globalStorage\vexrobotics.vexcode\sdk\cpp\IQ2\IQ2_20230627_09_00_00/vexiq2\libviq2rt.a(vex_smartdrive.cpp.o)
                              build/src/main.o (vex::smartdrive::~smartdrive())
c:\Users\Justi\AppData\Roaming\Code\User\globalStorage\vexrobotics.vexcode\sdk\cpp\IQ2\IQ2_20230627_09_00_00/vexiq2\libviq2rt.a(vex_event.cpp.o)
                              c:\Users\Justi\AppData\Roaming\Code\User\globalStorage\vexrobotics.vexcode\sdk\cpp\IQ2\IQ2_20230627_09_00_00/vexiq2\libviq2rt.a(vex_brain.cpp.o) (vex::event::init(unsigned long, unsigned long, void (*)()))
c:\Users\Justi\AppData\Roaming\Code\User\globalStorage\vexrobotics.vexcode\sdk\cpp\IQ2\IQ2_20230627_09_00_00/vexiq2\libviq2rt.a(vex_device.cpp.o)
                              c:\Users\Justi\AppData\Roaming\Code\User\globalStorage\vexrobotics.vexcode\sdk\cpp\IQ2\IQ2_20230627_09_00_00/vexiq2\libviq2rt.a(vex_motor.cpp.o) (vex::device::~device())
c:\Users\Justi\AppData\Roaming\Code\User\globalStorage\vexrobotics.vexcode\sdk\cpp\IQ2\IQ2_20230627_09_00_00/vexiq2/gcc/libs\libc_nano.a(lib_a-aeabi_atexit.o)
[...]
Memory Configuration

Name             Origin             Length             Attributes
SRAM_1_2_3       0x20010000         0x00018000         xrw
*default*        0x00000000         0xffffffff

Linker script and memory map

                0x00000020                _STACK_SIZE = DEFINED (_STACK_SIZE)?_STACK_SIZE:0x20
                0x00001000                _HEAP_SIZE = DEFINED (_HEAP_SIZE)?_HEAP_SIZE:0x1000

.text           0x20010000     0x4a7c
 *(.vectors)
 *(.boot_data)
 .boot_data     0x20010000       0x10 c:\Users\Justi\AppData\Roaming\Code\User\globalStorage\vexrobotics.vexcode\sdk\cpp\IQ2\IQ2_20230627_09_00_00/vexiq2\libviq2rt.a(iq2_startup.c.o)
                0x20010000                vexCodeSig
                0x00000020                . = 0x20
 *fill*         0x20010010       0x10 
 *(.boot)
 .boot          0x20010020       0x64 c:\Users\Justi\AppData\Roaming\Code\User\globalStorage\vexrobotics.vexcode\sdk\cpp\IQ2\IQ2_20230627_09_00_00/vexiq2\libviq2rt.a(iq2_startup.c.o)
                0x20010020                vexStartup
                0x200100c0                . = ALIGN (0x40)
 *fill*         0x20010084       0x3c 
 *(.freertos_vectors)
 *(.text)
 .text          0x200100c0       0xa0 c:\Users\Justi\AppData\Roaming\Code\User\globalStorage\vexrobotics.vexcode\sdk\cpp\IQ2\IQ2_20230627_09_00_00/vexiq2/gcc/libs\libc_nano.a(lib_a-memchr.o)
                0x200100c0                memchr
 .text          0x20010160      0x378 c:\Users\Justi\AppData\Roaming\Code\User\globalStorage\vexrobotics.vexcode\sdk\cpp\IQ2\IQ2_20230627_09_00_00/vexiq2/gcc/libs\libgcc.a(_arm_addsubdf3.o)
                0x20010160                __aeabi_drsub
                0x20010168                __aeabi_dsub
                0x20010168                __subdf3
                0x2001016c                __aeabi_dadd
                0x2001016c                __adddf3
                0x200103e4                __floatunsidf
                0x200103e4                __aeabi_ui2d
                0x20010404                __floatsidf
                0x20010404                __aeabi_i2d
                0x20010428                __aeabi_f2d
                0x20010428                __extendsfdf2
                0x2001046c                __floatundidf
                0x2001046c                __aeabi_ul2d
                0x2001047c                __floatdidf
                0x2001047c                __aeabi_l2d
 .text          0x200104d8      0x424 c:\Users\Justi\AppData\Roaming\Code\User\globalStorage\vexrobotics.vexcode\sdk\cpp\IQ2\IQ2_20230627_09_00_00/vexiq2/gcc/libs\libgcc.a(_arm_muldivdf3.o)
                0x200104d8                __aeabi_dmul
                0x200104d8                __muldf3
                0x2001072c                __divdf3
                0x2001072c                __aeabi_ddiv
 .text          0x200108fc      0x110 c:\Users\Justi\AppData\Roaming\Code\User\globalStorage\vexrobotics.vexcode\sdk\cpp\IQ2\IQ2_20230627_09_00_00/vexiq2/gcc/libs\libgcc.a(_arm_cmpdf2.o)
                0x200108fc                __gtdf2
                0x200108fc                __gedf2
                0x20010904                __ltdf2
                0x20010904                __ledf2
                0x2001090c                __nedf2
                0x2001090c                __eqdf2
                0x2001090c                __cmpdf2
                0x20010988                __aeabi_cdrcmple
                0x20010998                __aeabi_cdcmpeq
                0x20010998                __aeabi_cdcmple
                0x200109a8                __aeabi_dcmpeq
                0x200109bc                __aeabi_dcmplt
                0x200109d0                __aeabi_dcmple
                0x200109e4                __aeabi_dcmpge
                0x200109f8                __aeabi_dcmpgt
 .text          0x20010a0c       0x2c c:\Users\Justi\AppData\Roaming\Code\User\globalStorage\vexrobotics.vexcode\sdk\cpp\IQ2\IQ2_20230627_09_00_00/vexiq2/gcc/libs\libgcc.a(_arm_unorddf2.o)
                0x20010a0c                __unorddf2
                0x20010a0c                __aeabi_dcmpun
 .text          0x20010a38       0x50 c:\Users\Justi\AppData\Roaming\Code\User\globalStorage\vexrobotics.vexcode\sdk\cpp\IQ2\IQ2_20230627_09_00_00/vexiq2/gcc/libs\libgcc.a(_arm_fixdfsi.o)
                0x20010a38                __aeabi_d2iz
                0x20010a38                __fixdfsi
 .text          0x20010a88       0xa0 c:\Users\Justi\AppData\Roaming\Code\User\globalStorage\vexrobotics.vexcode\sdk\cpp\IQ2\IQ2_20230627_09_00_00/vexiq2/gcc/libs\libgcc.a(_arm_truncdfsf2.o)
                0x20010a88                __truncdfsf2
                0x20010a88                __aeabi_d2f
 *(.text.*)
 .text._Z19calibrateDrivetrainv
                0x20010b28       0xb8 build/src/main.o
                0x20010b28                calibrateDrivetrain()
 .text._Z7controlv
                0x20010be0      0x250 build/src/main.o
                0x20010be0                control()
 .text._Z5drived
                0x20010e30      0x1c0 build/src/main.o
                0x20010e30                drive(double)
 .text._Z7turndegf
                0x20010ff0       0xb4 build/src/main.o
                0x20010ff0                turndeg(float)
 *fill*         0x200110a4        0x4 
 .text._Z5setupv
                0x200110a8      0x168 build/src/main.o
                0x200110a8                setup()
 .text._Z5part3v
                0x20011210      0x190 build/src/main.o
                0x20011210                part3()
 .text.main     0x200113a0       0x40 build/src/main.o
                0x200113a0                main
 .text._GLOBAL__sub_I_main.cpp
                0x200113e0      0x298 build/src/main.o
 .text.vexMain  0x20011678       0x60 c:\Users\Justi\AppData\Roaming\Code\User\globalStorage\vexrobotics.vexcode\sdk\cpp\IQ2\IQ2_20230627_09_00_00/vexiq2\libviq2rt.a(iq2_startup.c.o)
                0x20011678                vexMain
 .text.__vex_function_prolog
                0x200116d8       0x10 c:\Users\Justi\AppData\Roaming\Code\User\globalStorage\vexrobotics.vexcode\sdk\cpp\IQ2\IQ2_20230627_09_00_00/vexiq2\libviq2rt.a(iq2_startup.c.o)
                0x200116d8                __vex_function_prolog
 .text._init    0x200116e8        0x2 c:\Users\Justi\AppData\Roaming\Code\User\globalStorage\vexrobotics.vexcode\sdk\cpp\IQ2\IQ2_20230627_09_00_00/vexiq2\libviq2rt.a(iq2_startup.c.o)
                0x200116e8                _init
 *fill*         0x200116ea        0x2 
 .text._sbrk    0x200116ec       0x38 c:\Users\Justi\AppData\Roaming\Code\User\globalStorage\vexrobotics.vexcode\sdk\cpp\IQ2\IQ2_20230627_09_00_00/vexiq2\libviq2rt.a(iq2_startup.c.o)
                0x200116ec                _sbrk
 .text.__cxa_atexit
                0x20011724        0x4 c:\Users\Justi\AppData\Roaming\Code\User\globalStorage\vexrobotics.vexcode\sdk\cpp\IQ2\IQ2_20230627_09_00_00/vexiq2\libviq2rt.a(iq2_startup.c.o)
                0x20011724                __cxa_atexit
 .text.vexTaskAdd
                0x20011728        0xc c:\Users\Justi\AppData\Roaming\Code\User\globalStorage\vexrobotics.vexcode\sdk\cpp\IQ2\IQ2_20230627_09_00_00/vexiq2\libviq2rt.a(iq2_apijump.c.o)
                0x20011728                vexTaskAdd
 .text.vexTaskYield
                0x20011734        0xc c:\Users\Justi\AppData\Roaming\Code\User\globalStorage\vexrobotics.vexcode\sdk\cpp\IQ2\IQ2_20230627_09_00_00/vexiq2\libviq2rt.a(iq2_apijump.c.o)
                0x20011734                vexTaskYield
 .text.vexTaskCheckTimeslice
                0x20011740        0xc c:\Users\Justi\AppData\Roaming\Code\User\globalStorage\vexrobotics.vexcode\sdk\cpp\IQ2\IQ2_20230627_09_00_00/vexiq2\libviq2rt.a(iq2_apijump.c.o)
                0x20011740                vexTaskCheckTimeslice
 .text.vexTaskSleep
                0x2001174c        0xc c:\Users\Justi\AppData\Roaming\Code\User\globalStorage\vexrobotics.vexcode\sdk\cpp\IQ2\IQ2_20230627_09_00_00/vexiq2\libviq2rt.a(iq2_apijump.c.o)
                0x2001174c                vexTaskSleep
 .text.vexTasksDump
                0x20011758       0x18 c:\Users\Justi\AppData\Roaming\Code\User\globalStorage\vexrobotics.vexcode\sdk\cpp\IQ2\IQ2_20230627_09_00_00/vexiq2\libviq2rt.a(iq2_apijump.c.o)
                0x20011758                vexTasksDump
 .text.vexTaskStateGet
                0x20011770        0xc c:\Users\Justi\AppData\Roaming\Code\User\globalStorage\vexrobotics.vexcode\sdk\cpp\IQ2\IQ2_20230627_09_00_00/vexiq2\libviq2rt.a(iq2_apijump.c.o)
                0x20011770                vexTaskStateGet
 .text.vexTaskGetTaskIndex
                0x2001177c        0xc c:\Users\Justi\AppData\Roaming\Code\User\globalStorage\vexrobotics.vexcode\sdk\cpp\IQ2\IQ2_20230627_09_00_00/vexiq2\libviq2rt.a(iq2_apijump.c.o)
                0x2001177c                vexTaskGetTaskIndex
 .text.vexTaskCompletionIdSet
                0x20011788        0xc c:\Users\Justi\AppData\Roaming\Code\User\globalStorage\vexrobotics.vexcode\sdk\cpp\IQ2\IQ2_20230627_09_00_00/vexiq2\libviq2rt.a(iq2_apijump.c.o)
                0x20011788                vexTaskCompletionIdSet
 .text.vexTaskAddWithArg
                0x20011794       0x14 c:\Users\Justi\AppData\Roaming\Code\User\globalStorage\vexrobotics.vexcode\sdk\cpp\IQ2\IQ2_20230627_09_00_00/vexiq2\libviq2rt.a(iq2_apijump.c.o)
                0x20011794                vexTaskAddWithArg
 .text.vexTaskStopWithId
                0x200117a8        0xc c:\Users\Justi\AppData\Roaming\Code\User\globalStorage\vexrobotics.vexcode\sdk\cpp\IQ2\IQ2_20230627_09_00_00/vexiq2\libviq2rt.a(iq2_apijump.c.o)
                0x200117a8                vexTaskStopWithId
 .text.vexTaskSuspendWithId
                0x200117b4        0xc c:\Users\Justi\AppData\Roaming\Code\User\globalStorage\vexrobotics.vexcode\sdk\cpp\IQ2\IQ2_20230627_09_00_00/vexiq2\libviq2rt.a(iq2_apijump.c.o)
                0x200117b4                vexTaskSuspendWithId
 .text.vexTaskResumeWithId
                0x200117c0        0xc c:\Users\Justi\AppData\Roaming\Code\User\globalStorage\vexrobotics.vexcode\sdk\cpp\IQ2\IQ2_20230627_09_00_00/vexiq2\libviq2rt.a(iq2_apijump.c.o)
                0x200117c0                vexTaskResumeWithId
 .text.vexCriticalSection
                0x200117cc        0xc c:\Users\Justi\AppData\Roaming\Code\User\globalStorage\vexrobotics.vexcode\sdk\cpp\IQ2\IQ2_20230627_09_00_00/vexiq2\libviq2rt.a(iq2_apijump.c.o)
                0x200117cc                vexCriticalSection
 .text.vexDisplayContextSwitch
                0x200117d8        0xc c:\Users\Justi\AppData\Roaming\Code\User\globalStorage\vexrobotics.vexcode\sdk\cpp\IQ2\IQ2_20230627_09_00_00/vexiq2\libviq2rt.a(iq2_apijump.c.o)
                0x200117d8                vexDisplayContextSwitch
 .text.vexEventUserIndexGet
                0x200117e4       0x18 c:\Users\Justi\AppData\Roaming\Code\User\globalStorage\vexrobotics.vexcode\sdk\cpp\IQ2\IQ2_20230627_09_00_00/vexiq2\libviq2rt.a(iq2_apijump.c.o)
                0x200117e4                vexEventUserIndexGet
 .text.vexDebug
                0x200117fc       0x2c c:\Users\Justi\AppData\Roaming\Code\User\globalStorage\vexrobotics.vexcode\sdk\cpp\IQ2\IQ2_20230627_09_00_00/vexiq2\libviq2rt.a(iq2_apijump.c.o)
                0x200117fc                vexDebug
 .text.vex_sprintf
                0x20011828       0x30 c:\Users\Justi\AppData\Roaming\Code\User\globalStorage\vexrobotics.vexcode\sdk\cpp\IQ2\IQ2_20230627_09_00_00/vexiq2\libviq2rt.a(iq2_apijump.c.o)
                0x20011828                vex_sprintf
 .text.vex_vsnprintf
                0x20011858       0x2c c:\Users\Justi\AppData\Roaming\Code\User\globalStorage\vexrobotics.vexcode\sdk\cpp\IQ2\IQ2_20230627_09_00_00/vexiq2\libviq2rt.a(iq2_apijump.c.o)
                0x20011858                vex_vsnprintf
 .text.vexSystemTimeGet
                0x20011884       0x18 c:\Users\Justi\AppData\Roaming\Code\User\globalStorage\vexrobotics.vexcode\sdk\cpp\IQ2\IQ2_20230627_09_00_00/vexiq2\libviq2rt.a(iq2_apijump.c.o)
                0x20011884                vexSystemTimeGet
 .text._write_user
                0x2001189c       0x28 c:\Users\Justi\AppData\Roaming\Code\User\globalStorage\vexrobotics.vexcode\sdk\cpp\IQ2\IQ2_20230627_09_00_00/vexiq2\libviq2rt.a(iq2_apijump.c.o)
                0x2001189c                _write_user
 .text._read_user
                0x200118c4       0x28 c:\Users\Justi\AppData\Roaming\Code\User\globalStorage\vexrobotics.vexcode\sdk\cpp\IQ2\IQ2_20230627_09_00_00/vexiq2\libviq2rt.a(iq2_apijump.c.o)
                0x200118c4                _read_user
 .text._close_user
                0x200118ec       0x14 c:\Users\Justi\AppData\Roaming\Code\User\globalStorage\vexrobotics.vexcode\sdk\cpp\IQ2\IQ2_20230627_09_00_00/vexiq2\libviq2rt.a(iq2_apijump.c.o)
                0x200118ec                _close_user
 .text._lseek_user
                0x20011900       0x28 c:\Users\Justi\AppData\Roaming\Code\User\globalStorage\vexrobotics.vexcode\sdk\cpp\IQ2\IQ2_20230627_09_00_00/vexiq2\libviq2rt.a(iq2_apijump.c.o)
                0x20011900                _lseek_user
 .text._fstat_user
                0x20011928       0x1c c:\Users\Justi\AppData\Roaming\Code\User\globalStorage\vexrobotics.vexcode\sdk\cpp\IQ2\IQ2_20230627_09_00_00/vexiq2\libviq2rt.a(iq2_apijump.c.o)
                0x20011928                _fstat_user
 .text._isatty_user
                0x20011944       0x18 c:\Users\Justi\AppData\Roaming\Code\User\globalStorage\vexrobotics.vexcode\sdk\cpp\IQ2\IQ2_20230627_09_00_00/vexiq2\libviq2rt.a(iq2_apijump.c.o)
                0x20011944                _isatty_user
 .text.vexDeviceGetByIndex
                0x2001195c       0x1c c:\Users\Justi\AppData\Roaming\Code\User\globalStorage\vexrobotics.vexcode\sdk\cpp\IQ2\IQ2_20230627_09_00_00/vexiq2\libviq2rt.a(iq2_apijump.c.o)
                0x2001195c                vexDeviceGetByIndex
 .text.vexTouchledValueGet
                0x20011978       0x1c c:\Users\Justi\AppData\Roaming\Code\User\globalStorage\vexrobotics.vexcode\sdk\cpp\IQ2\IQ2_20230627_09_00_00/vexiq2\libviq2rt.a(iq2_apijump.c.o)
                0x20011978                vexTouchledValueGet
 .text.vexMotorVelocitySet
                0x20011994       0x20 c:\Users\Justi\AppData\Roaming\Code\User\globalStorage\vexrobotics.vexcode\sdk\cpp\IQ2\IQ2_20230627_09_00_00/vexiq2\libviq2rt.a(iq2_apijump.c.o)
                0x20011994                vexMotorVelocitySet
 .text.vexMotorActualVelocityGet
                0x200119b4       0x1c c:\Users\Justi\AppData\Roaming\Code\User\globalStorage\vexrobotics.vexcode\sdk\cpp\IQ2\IQ2_20230627_09_00_00/vexiq2\libviq2rt.a(iq2_apijump.c.o)
                0x200119b4                vexMotorActualVelocityGet
 .text.vexMotorModeGet
                0x200119d0       0x1c c:\Users\Justi\AppData\Roaming\Code\User\globalStorage\vexrobotics.vexcode\sdk\cpp\IQ2\IQ2_20230627_09_00_00/vexiq2\libviq2rt.a(iq2_apijump.c.o)
                0x200119d0                vexMotorModeGet
 .text.vexMotorCurrentLimitSet
                0x200119ec       0x20 c:\Users\Justi\AppData\Roaming\Code\User\globalStorage\vexrobotics.vexcode\sdk\cpp\IQ2\IQ2_20230627_09_00_00/vexiq2\libviq2rt.a(iq2_apijump.c.o)
                0x200119ec                vexMotorCurrentLimitSet
 .text.vexMotorZeroPositionFlagGet
                0x20011a0c       0x1c c:\Users\Justi\AppData\Roaming\Code\User\globalStorage\vexrobotics.vexcode\sdk\cpp\IQ2\IQ2_20230627_09_00_00/vexiq2\libviq2rt.a(iq2_apijump.c.o)
                0x20011a0c                vexMotorZeroPositionFlagGet
 .text.vexMotorReverseFlagSet
                0x20011a28       0x20 c:\Users\Justi\AppData\Roaming\Code\User\globalStorage\vexrobotics.vexcode\sdk\cpp\IQ2\IQ2_20230627_09_00_00/vexiq2\libviq2rt.a(iq2_apijump.c.o)
                0x20011a28                vexMotorReverseFlagSet
 .text.vexMotorEncoderUnitsSet
                0x20011a48       0x20 c:\Users\Justi\AppData\Roaming\Code\User\globalStorage\vexrobotics.vexcode\sdk\cpp\IQ2\IQ2_20230627_09_00_00/vexiq2\libviq2rt.a(iq2_apijump.c.o)
                0x20011a48                vexMotorEncoderUnitsSet
 .text.vexMotorBrakeModeSet
                0x20011a68       0x20 c:\Users\Justi\AppData\Roaming\Code\User\globalStorage\vexrobotics.vexcode\sdk\cpp\IQ2\IQ2_20230627_09_00_00/vexiq2\libviq2rt.a(iq2_apijump.c.o)
                0x20011a68                vexMotorBrakeModeSet
 .text.vexMotorPositionSet
                0x20011a88       0x34 c:\Users\Justi\AppData\Roaming\Code\User\globalStorage\vexrobotics.vexcode\sdk\cpp\IQ2\IQ2_20230627_09_00_00/vexiq2\libviq2rt.a(iq2_apijump.c.o)
                0x20011a88                vexMotorPositionSet
 .text.vexMotorPositionGet
                0x20011abc       0x1c c:\Users\Justi\AppData\Roaming\Code\User\globalStorage\vexrobotics.vexcode\sdk\cpp\IQ2\IQ2_20230627_09_00_00/vexiq2\libviq2rt.a(iq2_apijump.c.o)
                0x20011abc                vexMotorPositionGet
 .text.vexMotorRelativeTargetSet
                0x20011ad8       0x38 c:\Users\Justi\AppData\Roaming\Code\User\globalStorage\vexrobotics.vexcode\sdk\cpp\IQ2\IQ2_20230627_09_00_00/vexiq2\libviq2rt.a(iq2_apijump.c.o)
                0x20011ad8                vexMotorRelativeTargetSet
 .text.vexImuReset
                0x20011b10       0x1c c:\Users\Justi\AppData\Roaming\Code\User\globalStorage\vexrobotics.vexcode\sdk\cpp\IQ2\IQ2_20230627_09_00_00/vexiq2\libviq2rt.a(iq2_apijump.c.o)
                0x20011b10                vexImuReset
 .text.vexImuHeadingGet
                0x20011b2c       0x1c c:\Users\Justi\AppData\Roaming\Code\User\globalStorage\vexrobotics.vexcode\sdk\cpp\IQ2\IQ2_20230627_09_00_00/vexiq2\libviq2rt.a(iq2_apijump.c.o)
                0x20011b2c                vexImuHeadingGet
 .text.vexImuDegreesGet
                0x20011b48       0x1c c:\Users\Justi\AppData\Roaming\Code\User\globalStorage\vexrobotics.vexcode\sdk\cpp\IQ2\IQ2_20230627_09_00_00/vexiq2\libviq2rt.a(iq2_apijump.c.o)
                0x20011b48                vexImuDegreesGet
 .text.vexImuStatusGet
                0x20011b64       0x1c c:\Users\Justi\AppData\Roaming\Code\User\globalStorage\vexrobotics.vexcode\sdk\cpp\IQ2\IQ2_20230627_09_00_00/vexiq2\libviq2rt.a(iq2_apijump.c.o)
                0x20011b64                vexImuStatusGet
 .text.vexDisplayForegroundColor
                0x20011b80       0x1c c:\Users\Justi\AppData\Roaming\Code\User\globalStorage\vexrobotics.vexcode\sdk\cpp\IQ2\IQ2_20230627_09_00_00/vexiq2\libviq2rt.a(iq2_apijump.c.o)
                0x20011b80                vexDisplayForegroundColor
 .text.vexDisplayBackgroundColor
                0x20011b9c       0x1c c:\Users\Justi\AppData\Roaming\Code\User\globalStorage\vexrobotics.vexcode\sdk\cpp\IQ2\IQ2_20230627_09_00_00/vexiq2\libviq2rt.a(iq2_apijump.c.o)
                0x20011b9c                vexDisplayBackgroundColor
 .text.vexDisplayBackgroundColorGet
                0x20011bb8       0x18 c:\Users\Justi\AppData\Roaming\Code\User\globalStorage\vexrobotics.vexcode\sdk\cpp\IQ2\IQ2_20230627_09_00_00/vexiq2\libviq2rt.a(iq2_apijump.c.o)
                0x20011bb8                vexDisplayBackgroundColorGet
 .text.vexDisplayRectClear
                0x20011bd0       0x34 c:\Users\Justi\AppData\Roaming\Code\User\globalStorage\vexrobotics.vexcode\sdk\cpp\IQ2\IQ2_20230627_09_00_00/vexiq2\libviq2rt.a(iq2_apijump.c.o)
                0x20011bd0                vexDisplayRectClear
 .text.vexDisplayVPrintf
                0x20011c04       0x38 c:\Users\Justi\AppData\Roaming\Code\User\globalStorage\vexrobotics.vexcode\sdk\cpp\IQ2\IQ2_20230627_09_00_00/vexiq2\libviq2rt.a(iq2_apijump.c.o)
                0x20011c04                vexDisplayVPrintf
 .text.vexDisplayTextReference
                0x20011c3c       0x1c c:\Users\Justi\AppData\Roaming\Code\User\globalStorage\vexrobotics.vexcode\sdk\cpp\IQ2\IQ2_20230627_09_00_00/vexiq2\libviq2rt.a(iq2_apijump.c.o)
                0x20011c3c                vexDisplayTextReference
 .text.vexDisplayTextSize
                0x20011c58       0x20 c:\Users\Justi\AppData\Roaming\Code\User\globalStorage\vexrobotics.vexcode\sdk\cpp\IQ2\IQ2_20230627_09_00_00/vexiq2\libviq2rt.a(iq2_apijump.c.o)
                0x20011c58                vexDisplayTextSize
 .text.vexDisplayFontNamedSet
                0x20011c78       0x1c c:\Users\Justi\AppData\Roaming\Code\User\globalStorage\vexrobotics.vexcode\sdk\cpp\IQ2\IQ2_20230627_09_00_00/vexiq2\libviq2rt.a(iq2_apijump.c.o)
                0x20011c78                vexDisplayFontNamedSet
 .text.vexDisplayStringWidthGet
                0x20011c94       0x1c c:\Users\Justi\AppData\Roaming\Code\User\globalStorage\vexrobotics.vexcode\sdk\cpp\IQ2\IQ2_20230627_09_00_00/vexiq2\libviq2rt.a(iq2_apijump.c.o)
                0x20011c94                vexDisplayStringWidthGet
 .text._ZN3vex4waitEdNS_9timeUnitsE
                0x20011cb0       0x3c c:\Users\Justi\AppData\Roaming\Code\User\globalStorage\vexrobotics.vexcode\sdk\cpp\IQ2\IQ2_20230627_09_00_00/vexiq2\libviq2rt.a(vex_global.cpp.o)
                0x20011cb0                vex::wait(double, vex::timeUnits)
 .text._ZN3vex5colorD2Ev
                0x20011cec        0x2 c:\Users\Justi\AppData\Roaming\Code\User\globalStorage\vexrobotics.vexcode\sdk\cpp\IQ2\IQ2_20230627_09_00_00/vexiq2\libviq2rt.a(vex_color.cpp.o)
                0x20011cec                vex::color::~color()
                0x20011cec                vex::color::~color()
 .text._ZNK3vex5colorcvmEv
                0x20011cee        0x4 c:\Users\Justi\AppData\Roaming\Code\User\globalStorage\vexrobotics.vexcode\sdk\cpp\IQ2\IQ2_20230627_09_00_00/vexiq2\libviq2rt.a(vex_color.cpp.o)
                0x20011cee                vex::color::operator unsigned long() const
 *fill*         0x20011cf2        0x2 
 .text.startup._GLOBAL__sub_I__ZN3vex5color5blackE
                0x20011cf4      0x18c c:\Users\Justi\AppData\Roaming\Code\User\globalStorage\vexrobotics.vexcode\sdk\cpp\IQ2\IQ2_20230627_09_00_00/vexiq2\libviq2rt.a(vex_color.cpp.o)
 .text._ZN3vex4taskC2EPFivE
                0x20011e80       0x38 c:\Users\Justi\AppData\Roaming\Code\User\globalStorage\vexrobotics.vexcode\sdk\cpp\IQ2\IQ2_20230627_09_00_00/vexiq2\libviq2rt.a(vex_task.cpp.o)
                0x20011e80                vex::task::task(int (*)())
                0x20011e80                vex::task::task(int (*)())
 .text._ZN3vex4taskD2Ev
                0x20011eb8        0x2 c:\Users\Justi\AppData\Roaming\Code\User\globalStorage\vexrobotics.vexcode\sdk\cpp\IQ2\IQ2_20230627_09_00_00/vexiq2\libviq2rt.a(vex_task.cpp.o)
                0x20011eb8                vex::task::~task()
                0x20011eb8                vex::task::~task()
 .text._ZN3vex4task7suspendEv
                0x20011eba        0xe c:\Users\Justi\AppData\Roaming\Code\User\globalStorage\vexrobotics.vexcode\sdk\cpp\IQ2\IQ2_20230627_09_00_00/vexiq2\libviq2rt.a(vex_task.cpp.o)
                0x20011eba                vex::task::suspend()
 .text._ZN3vex4task6resumeEv
                0x20011ec8        0xe c:\Users\Justi\AppData\Roaming\Code\User\globalStorage\vexrobotics.vexcode\sdk\cpp\IQ2\IQ2_20230627_09_00_00/vexiq2\libviq2rt.a(vex_task.cpp.o)
                0x20011ec8                vex::task::resume()
 .text._ZN3vex4task5sleepEm
                0x20011ed6        0x4 c:\Users\Justi\AppData\Roaming\Code\User\globalStorage\vexrobotics.vexcode\sdk\cpp\IQ2\IQ2_20230627_09_00_00/vexiq2\libviq2rt.a(vex_task.cpp.o)
                0x20011ed6                vex::task::sleep(unsigned long)
 .text._ZN3vex4task5yieldEv
                0x20011eda        0x4 c:\Users\Justi\AppData\Roaming\Code\User\globalStorage\vexrobotics.vexcode\sdk\cpp\IQ2\IQ2_20230627_09_00_00/vexiq2\libviq2rt.a(vex_task.cpp.o)
                0x20011eda                vex::task::yield()
 .text._ZN3vex11this_thread9sleep_forEm
                0x20011ede        0x4 c:\Users\Justi\AppData\Roaming\Code\User\globalStorage\vexrobotics.vexcode\sdk\cpp\IQ2\IQ2_20230627_09_00_00/vexiq2\libviq2rt.a(vex_thread.cpp.o)
                0x20011ede                vex::this_thread::sleep_for(unsigned long)
 .text._ZN3vex5brainD2Ev
                0x20011ee2        0xe c:\Users\Justi\AppData\Roaming\Code\User\globalStorage\vexrobotics.vexcode\sdk\cpp\IQ2\IQ2_20230627_09_00_00/vexiq2\libviq2rt.a(vex_brain.cpp.o)
                0x20011ee2                vex::brain::~brain()
                0x20011ee2                vex::brain::~brain()
 .text._ZN3vex5brain3lcd9setCursorEll
                0x20011ef0       0x40 c:\Users\Justi\AppData\Roaming\Code\User\globalStorage\vexrobotics.vexcode\sdk\cpp\IQ2\IQ2_20230627_09_00_00/vexiq2\libviq2rt.a(vex_brain.cpp.o)
                0x20011ef0                vex::brain::lcd::setCursor(long, long)
 .text._ZN3vex5brain3lcd7setFontENS_8fontTypeE
                0x20011f30      0x144 c:\Users\Justi\AppData\Roaming\Code\User\globalStorage\vexrobotics.vexcode\sdk\cpp\IQ2\IQ2_20230627_09_00_00/vexiq2\libviq2rt.a(vex_brain.cpp.o)
                0x20011f30                vex::brain::lcd::setFont(vex::fontType)
 .text._ZN3vex5brain3lcdC2Ev
                0x20012074       0x34 c:\Users\Justi\AppData\Roaming\Code\User\globalStorage\vexrobotics.vexcode\sdk\cpp\IQ2\IQ2_20230627_09_00_00/vexiq2\libviq2rt.a(vex_brain.cpp.o)
                0x20012074                vex::brain::lcd::lcd()
                0x20012074                vex::brain::lcd::lcd()
 .text._ZN3vex5brainC2Ev
                0x200120a8       0x32 c:\Users\Justi\AppData\Roaming\Code\User\globalStorage\vexrobotics.vexcode\sdk\cpp\IQ2\IQ2_20230627_09_00_00/vexiq2\libviq2rt.a(vex_brain.cpp.o)
                0x200120a8                vex::brain::brain()
                0x200120a8                vex::brain::brain()
 .text._ZN3vex5brain3lcd12_clearScreenEm
                0x200120da       0x26 c:\Users\Justi\AppData\Roaming\Code\User\globalStorage\vexrobotics.vexcode\sdk\cpp\IQ2\IQ2_20230627_09_00_00/vexiq2\libviq2rt.a(vex_brain.cpp.o)
                0x200120da                vex::brain::lcd::_clearScreen(unsigned long)
 .text._ZN3vex5brain3lcd11clearScreenERKNS_5colorE
                0x20012100       0x16 c:\Users\Justi\AppData\Roaming\Code\User\globalStorage\vexrobotics.vexcode\sdk\cpp\IQ2\IQ2_20230627_09_00_00/vexiq2\libviq2rt.a(vex_brain.cpp.o)
                0x20012100                vex::brain::lcd::clearScreen(vex::color const&)
 *fill*         0x20012116        0x2 
 .text._ZN3vex5brain3lcd11clearScreenEv
                0x20012118        0xc c:\Users\Justi\AppData\Roaming\Code\User\globalStorage\vexrobotics.vexcode\sdk\cpp\IQ2\IQ2_20230627_09_00_00/vexiq2\libviq2rt.a(vex_brain.cpp.o)
                0x20012118                vex::brain::lcd::clearScreen()
 .text._ZN3vex5brain3lcd7newLineEv
                0x20012124       0x16 c:\Users\Justi\AppData\Roaming\Code\User\globalStorage\vexrobotics.vexcode\sdk\cpp\IQ2\IQ2_20230627_09_00_00/vexiq2\libviq2rt.a(vex_brain.cpp.o)
                0x20012124                vex::brain::lcd::newLine()
 .text._ZN3vex5brain3lcd10rowToPixelEl
                0x2001213a       0x24 c:\Users\Justi\AppData\Roaming\Code\User\globalStorage\vexrobotics.vexcode\sdk\cpp\IQ2\IQ2_20230627_09_00_00/vexiq2\libviq2rt.a(vex_brain.cpp.o)
                0x2001213a                vex::brain::lcd::rowToPixel(long)
 .text._ZN3vex5brain3lcd5printEPKcz
                0x2001215e       0x7e c:\Users\Justi\AppData\Roaming\Code\User\globalStorage\vexrobotics.vexcode\sdk\cpp\IQ2\IQ2_20230627_09_00_00/vexiq2\libviq2rt.a(vex_brain.cpp.o)
                0x2001215e                vex::brain::lcd::print(char const*, ...)
 .text._ZN3vex5timerD2Ev
                0x200121dc        0x2 c:\Users\Justi\AppData\Roaming\Code\User\globalStorage\vexrobotics.vexcode\sdk\cpp\IQ2\IQ2_20230627_09_00_00/vexiq2\libviq2rt.a(vex_timer.cpp.o)
                0x200121dc                vex::timer::~timer()
                0x200121dc                vex::timer::~timer()
 .text._ZN3vex5timer5clearEv
                0x200121de       0x10 c:\Users\Justi\AppData\Roaming\Code\User\globalStorage\vexrobotics.vexcode\sdk\cpp\IQ2\IQ2_20230627_09_00_00/vexiq2\libviq2rt.a(vex_timer.cpp.o)
                0x200121de                vex::timer::clear()
 .text._ZN3vex5timerC2Ev
                0x200121ee        0xc c:\Users\Justi\AppData\Roaming\Code\User\globalStorage\vexrobotics.vexcode\sdk\cpp\IQ2\IQ2_20230627_09_00_00/vexiq2\libviq2rt.a(vex_timer.cpp.o)
                0x200121ee                vex::timer::timer()
                0x200121ee                vex::timer::timer()
 .text._ZN3vex5motor9installedEv
                0x200121fa        0xe c:\Users\Justi\AppData\Roaming\Code\User\globalStorage\vexrobotics.vexcode\sdk\cpp\IQ2\IQ2_20230627_09_00_00/vexiq2\libviq2rt.a(vex_motor.cpp.o)
                0x200121fa                vex::motor::installed()
 .text._ZN3vex5motorD2Ev
                0x20012208       0x14 c:\Users\Justi\AppData\Roaming\Code\User\globalStorage\vexrobotics.vexcode\sdk\cpp\IQ2\IQ2_20230627_09_00_00/vexiq2\libviq2rt.a(vex_motor.cpp.o)
                0x20012208                vex::motor::~motor()
                0x20012208                vex::motor::~motor()
 .text._ZN3vex5motor15defaultStoppingENS_9brakeTypeE
                0x2001221c       0x1a c:\Users\Justi\AppData\Roaming\Code\User\globalStorage\vexrobotics.vexcode\sdk\cpp\IQ2\IQ2_20230627_09_00_00/vexiq2\libviq2rt.a(vex_motor.cpp.o)
                0x2001221c                vex::motor::defaultStopping(vex::brakeType)
 .text._ZN3vex5motor11setStoppingENS_9brakeTypeE
                0x20012236        0x4 c:\Users\Justi\AppData\Roaming\Code\User\globalStorage\vexrobotics.vexcode\sdk\cpp\IQ2\IQ2_20230627_09_00_00/vexiq2\libviq2rt.a(vex_motor.cpp.o)
                0x20012236                vex::motor::setStopping(vex::brakeType)
 *fill*         0x2001223a        0x6 
 .text._ZN3vex5motorC2El
                0x20012240       0x60 c:\Users\Justi\AppData\Roaming\Code\User\globalStorage\vexrobotics.vexcode\sdk\cpp\IQ2\IQ2_20230627_09_00_00/vexiq2\libviq2rt.a(vex_motor.cpp.o)
                0x20012240                vex::motor::motor(long)
                0x20012240                vex::motor::motor(long)
 .text._ZN3vex5motorC2Eldb
                0x200122a0       0x24 c:\Users\Justi\AppData\Roaming\Code\User\globalStorage\vexrobotics.vexcode\sdk\cpp\IQ2\IQ2_20230627_09_00_00/vexiq2\libviq2rt.a(vex_motor.cpp.o)
                0x200122a0                vex::motor::motor(long, double, bool)
                0x200122a0                vex::motor::motor(long, double, bool)
 .text._ZN3vex5motorC2Elb
                0x200122c4       0x16 c:\Users\Justi\AppData\Roaming\Code\User\globalStorage\vexrobotics.vexcode\sdk\cpp\IQ2\IQ2_20230627_09_00_00/vexiq2\libviq2rt.a(vex_motor.cpp.o)
                0x200122c4                vex::motor::motor(long, bool)
                0x200122c4                vex::motor::motor(long, bool)
 .text._ZN3vex5motor14isSpinningModeEv
                0x200122da       0x16 c:\Users\Justi\AppData\Roaming\Code\User\globalStorage\vexrobotics.vexcode\sdk\cpp\IQ2\IQ2_20230627_09_00_00/vexiq2\libviq2rt.a(vex_motor.cpp.o)
                0x200122da                vex::motor::isSpinningMode()
 .text._ZN3vex5motor10isSpinningEv
                0x200122f0       0x20 c:\Users\Justi\AppData\Roaming\Code\User\globalStorage\vexrobotics.vexcode\sdk\cpp\IQ2\IQ2_20230627_09_00_00/vexiq2\libviq2rt.a(vex_motor.cpp.o)
                0x200122f0                vex::motor::isSpinning()
 .text._ZN3vex5motor4stopENS_9brakeTypeE
                0x20012310       0x1e c:\Users\Justi\AppData\Roaming\Code\User\globalStorage\vexrobotics.vexcode\sdk\cpp\IQ2\IQ2_20230627_09_00_00/vexiq2\libviq2rt.a(vex_motor.cpp.o)
                0x20012310                vex::motor::stop(vex::brakeType)
 .text._ZN3vex5motor4stopEv
                0x2001232e        0x6 c:\Users\Justi\AppData\Roaming\Code\User\globalStorage\vexrobotics.vexcode\sdk\cpp\IQ2\IQ2_20230627_09_00_00/vexiq2\libviq2rt.a(vex_motor.cpp.o)
                0x2001232e                vex::motor::stop()
 *fill*         0x20012334        0x4 
 .text._ZN3vex5motor12setMaxTorqueEdNS_12percentUnitsE
                0x20012338       0x98 c:\Users\Justi\AppData\Roaming\Code\User\globalStorage\vexrobotics.vexcode\sdk\cpp\IQ2\IQ2_20230627_09_00_00/vexiq2\libviq2rt.a(vex_motor.cpp.o)
                0x20012338                vex::motor::setMaxTorque(double, vex::percentUnits)
 .text._ZN3vex5motor16velocityToScaledEdNS_13velocityUnitsE
                0x200123d0       0x70 c:\Users\Justi\AppData\Roaming\Code\User\globalStorage\vexrobotics.vexcode\sdk\cpp\IQ2\IQ2_20230627_09_00_00/vexiq2\libviq2rt.a(vex_motor.cpp.o)
                0x200123d0                vex::motor::velocityToScaled(double, vex::velocityUnits)
 .text._ZN3vex5motor8velocityENS_13velocityUnitsE
                0x20012440       0x18 c:\Users\Justi\AppData\Roaming\Code\User\globalStorage\vexrobotics.vexcode\sdk\cpp\IQ2\IQ2_20230627_09_00_00/vexiq2\libviq2rt.a(vex_motor.cpp.o)
                0x20012440                vex::motor::velocity(vex::velocityUnits)
 .text._ZN3vex5motor5valueEv
                0x20012458       0x12 c:\Users\Justi\AppData\Roaming\Code\User\globalStorage\vexrobotics.vexcode\sdk\cpp\IQ2\IQ2_20230627_09_00_00/vexiq2\libviq2rt.a(vex_motor.cpp.o)
                0x20012458                vex::motor::value()
 *fill*         0x2001246a        0x6 
 .text._ZN3vex5motor16scaledToVelocityEdNS_13velocityUnitsE
                0x20012470       0x74 c:\Users\Justi\AppData\Roaming\Code\User\globalStorage\vexrobotics.vexcode\sdk\cpp\IQ2\IQ2_20230627_09_00_00/vexiq2\libviq2rt.a(vex_motor.cpp.o)
                0x20012470                vex::motor::scaledToVelocity(double, vex::velocityUnits)
 .text._ZN3vex5motor4spinENS_13directionTypeEdNS_13velocityUnitsE
                0x200124e4       0x32 c:\Users\Justi\AppData\Roaming\Code\User\globalStorage\vexrobotics.vexcode\sdk\cpp\IQ2\IQ2_20230627_09_00_00/vexiq2\libviq2rt.a(vex_motor.cpp.o)
                0x200124e4                vex::motor::spin(vex::directionType, double, vex::velocityUnits)
 .text._ZN3vex5motor4spinENS_13directionTypeE
                0x20012516       0x1e c:\Users\Justi\AppData\Roaming\Code\User\globalStorage\vexrobotics.vexcode\sdk\cpp\IQ2\IQ2_20230627_09_00_00/vexiq2\libviq2rt.a(vex_motor.cpp.o)
                0x20012516                vex::motor::spin(vex::directionType)
 .text._ZN3vex5motor11setVelocityEdNS_13velocityUnitsE
                0x20012534       0x54 c:\Users\Justi\AppData\Roaming\Code\User\globalStorage\vexrobotics.vexcode\sdk\cpp\IQ2\IQ2_20230627_09_00_00/vexiq2\libviq2rt.a(vex_motor.cpp.o)
                0x20012534                vex::motor::setVelocity(double, vex::velocityUnits)
 .text._ZN3vex5motor16setRotationUnitsENS_13rotationUnitsE
                0x20012588       0x12 c:\Users\Justi\AppData\Roaming\Code\User\globalStorage\vexrobotics.vexcode\sdk\cpp\IQ2\IQ2_20230627_09_00_00/vexiq2\libviq2rt.a(vex_motor.cpp.o)
                0x20012588                vex::motor::setRotationUnits(vex::rotationUnits)
 .text._ZN3vex5motor11setPositionEdNS_13rotationUnitsE
                0x2001259a       0x3e c:\Users\Justi\AppData\Roaming\Code\User\globalStorage\vexrobotics.vexcode\sdk\cpp\IQ2\IQ2_20230627_09_00_00/vexiq2\libviq2rt.a(vex_motor.cpp.o)
                0x2001259a                vex::motor::setPosition(double, vex::rotationUnits)
 .text._ZN3vex5motor7spinForEdNS_13rotationUnitsEdNS_13velocityUnitsEb
                0x200125d8       0xe0 c:\Users\Justi\AppData\Roaming\Code\User\globalStorage\vexrobotics.vexcode\sdk\cpp\IQ2\IQ2_20230627_09_00_00/vexiq2\libviq2rt.a(vex_motor.cpp.o)
                0x200125d8                vex::motor::spinFor(double, vex::rotationUnits, double, vex::velocityUnits, bool)
 .text._ZN3vex5motor7spinForENS_13directionTypeEdNS_13rotationUnitsEdNS_13velocityUnitsEb
                0x200126b8       0x2e c:\Users\Justi\AppData\Roaming\Code\User\globalStorage\vexrobotics.vexcode\sdk\cpp\IQ2\IQ2_20230627_09_00_00/vexiq2\libviq2rt.a(vex_motor.cpp.o)
                0x200126b8                vex::motor::spinFor(vex::directionType, double, vex::rotationUnits, double, vex::velocityUnits, bool)
 .text._ZN3vex5motor7spinForEdNS_13rotationUnitsEb
                0x200126e6       0x3a c:\Users\Justi\AppData\Roaming\Code\User\globalStorage\vexrobotics.vexcode\sdk\cpp\IQ2\IQ2_20230627_09_00_00/vexiq2\libviq2rt.a(vex_motor.cpp.o)
                0x200126e6                vex::motor::spinFor(double, vex::rotationUnits, bool)
 .text._ZN3vex5motor7spinForENS_13directionTypeEdNS_13rotationUnitsEb
                0x20012720       0x40 c:\Users\Justi\AppData\Roaming\Code\User\globalStorage\vexrobotics.vexcode\sdk\cpp\IQ2\IQ2_20230627_09_00_00/vexiq2\libviq2rt.a(vex_motor.cpp.o)
                0x20012720                vex::motor::spinFor(vex::directionType, double, vex::rotationUnits, bool)
 .text._ZN3vex5motor8positionENS_13rotationUnitsE
                0x20012760       0x3c c:\Users\Justi\AppData\Roaming\Code\User\globalStorage\vexrobotics.vexcode\sdk\cpp\IQ2\IQ2_20230627_09_00_00/vexiq2\libviq2rt.a(vex_motor.cpp.o)
                0x20012760                vex::motor::position(vex::rotationUnits)
 .text._ZN3vex8touchled9installedEv
                0x2001279c        0xe c:\Users\Justi\AppData\Roaming\Code\User\globalStorage\vexrobotics.vexcode\sdk\cpp\IQ2\IQ2_20230627_09_00_00/vexiq2\libviq2rt.a(vex_touchled.cpp.o)
                0x2001279c                vex::touchled::installed()
 *fill*         0x200127aa        0x2 
 .text._ZN3vex8touchledC2El
                0x200127ac       0x28 c:\Users\Justi\AppData\Roaming\Code\User\globalStorage\vexrobotics.vexcode\sdk\cpp\IQ2\IQ2_20230627_09_00_00/vexiq2\libviq2rt.a(vex_touchled.cpp.o)
                0x200127ac                vex::touchled::touchled(long)
                0x200127ac                vex::touchled::touchled(long)
 .text._ZN3vex8touchledD2Ev
                0x200127d4       0x14 c:\Users\Justi\AppData\Roaming\Code\User\globalStorage\vexrobotics.vexcode\sdk\cpp\IQ2\IQ2_20230627_09_00_00/vexiq2\libviq2rt.a(vex_touchled.cpp.o)
                0x200127d4                vex::touchled::~touchled()
                0x200127d4                vex::touchled::~touchled()
 .text._ZN3vex8touchled8pressingEv
                0x200127e8       0x10 c:\Users\Justi\AppData\Roaming\Code\User\globalStorage\vexrobotics.vexcode\sdk\cpp\IQ2\IQ2_20230627_09_00_00/vexiq2\libviq2rt.a(vex_touchled.cpp.o)
                0x200127e8                vex::touchled::pressing()
 .text._ZN3vex8touchled5valueEv
                0x200127f8        0x8 c:\Users\Justi\AppData\Roaming\Code\User\globalStorage\vexrobotics.vexcode\sdk\cpp\IQ2\IQ2_20230627_09_00_00/vexiq2\libviq2rt.a(vex_touchled.cpp.o)
                0x200127f8                vex::touchled::value()
 .text._ZN3vex8inertial11getTurnTypeEv
                0x20012800        0x4 c:\Users\Justi\AppData\Roaming\Code\User\globalStorage\vexrobotics.vexcode\sdk\cpp\IQ2\IQ2_20230627_09_00_00/vexiq2\libviq2rt.a(vex_imu.cpp.o)
                0x20012800                vex::inertial::getTurnType()
 .text._ZThn20_N3vex8inertial11getTurnTypeEv
                0x20012804        0x8 c:\Users\Justi\AppData\Roaming\Code\User\globalStorage\vexrobotics.vexcode\sdk\cpp\IQ2\IQ2_20230627_09_00_00/vexiq2\libviq2rt.a(vex_imu.cpp.o)
                0x20012804                non-virtual thunk to vex::inertial::getTurnType()
 .text._ZN3vex8inertial10setHeadingEdNS_13rotationUnitsE
                0x2001280c       0x48 c:\Users\Justi\AppData\Roaming\Code\User\globalStorage\vexrobotics.vexcode\sdk\cpp\IQ2\IQ2_20230627_09_00_00/vexiq2\libviq2rt.a(vex_imu.cpp.o)
                0x2001280c                vex::inertial::setHeading(double, vex::rotationUnits)
 .text._ZThn20_N3vex8inertial10setHeadingEdNS_13rotationUnitsE
                0x20012854        0x8 c:\Users\Justi\AppData\Roaming\Code\User\globalStorage\vexrobotics.vexcode\sdk\cpp\IQ2\IQ2_20230627_09_00_00/vexiq2\libviq2rt.a(vex_imu.cpp.o)
                0x20012854                non-virtual thunk to vex::inertial::setHeading(double, vex::rotationUnits)
 .text._ZN3vex8inertial11setRotationEdNS_13rotationUnitsE
                0x2001285c       0x48 c:\Users\Justi\AppData\Roaming\Code\User\globalStorage\vexrobotics.vexcode\sdk\cpp\IQ2\IQ2_20230627_09_00_00/vexiq2\libviq2rt.a(vex_imu.cpp.o)
                0x2001285c                vex::inertial::setRotation(double, vex::rotationUnits)
 .text._ZThn20_N3vex8inertial11setRotationEdNS_13rotationUnitsE
                0x200128a4        0x8 c:\Users\Justi\AppData\Roaming\Code\User\globalStorage\vexrobotics.vexcode\sdk\cpp\IQ2\IQ2_20230627_09_00_00/vexiq2\libviq2rt.a(vex_imu.cpp.o)
                0x200128a4                non-virtual thunk to vex::inertial::setRotation(double, vex::rotationUnits)
 .text._ZN3vex8inertialD2Ev
                0x200128ac       0x14 c:\Users\Justi\AppData\Roaming\Code\User\globalStorage\vexrobotics.vexcode\sdk\cpp\IQ2\IQ2_20230627_09_00_00/vexiq2\libviq2rt.a(vex_imu.cpp.o)
                0x200128ac                vex::inertial::~inertial()
                0x200128ac                vex::inertial::~inertial()
 .text._ZThn20_N3vex8inertialD1Ev
                0x200128c0        0x8 c:\Users\Justi\AppData\Roaming\Code\User\globalStorage\vexrobotics.vexcode\sdk\cpp\IQ2\IQ2_20230627_09_00_00/vexiq2\libviq2rt.a(vex_imu.cpp.o)
                0x200128c0                non-virtual thunk to vex::inertial::~inertial()
 .text._ZN3vex8inertialD0Ev
                0x200128c8       0x12 c:\Users\Justi\AppData\Roaming\Code\User\globalStorage\vexrobotics.vexcode\sdk\cpp\IQ2\IQ2_20230627_09_00_00/vexiq2\libviq2rt.a(vex_imu.cpp.o)
                0x200128c8                vex::inertial::~inertial()
 .text._ZThn20_N3vex8inertialD0Ev
                0x200128da        0x8 c:\Users\Justi\AppData\Roaming\Code\User\globalStorage\vexrobotics.vexcode\sdk\cpp\IQ2\IQ2_20230627_09_00_00/vexiq2\libviq2rt.a(vex_imu.cpp.o)
                0x200128da                non-virtual thunk to vex::inertial::~inertial()
 .text._ZN3vex8inertial9installedEv
                0x200128e2       0x10 c:\Users\Justi\AppData\Roaming\Code\User\globalStorage\vexrobotics.vexcode\sdk\cpp\IQ2\IQ2_20230627_09_00_00/vexiq2\libviq2rt.a(vex_imu.cpp.o)
                0x200128e2                vex::inertial::installed()
 *fill*         0x200128f2        0x6 
 .text._ZN3vex8inertial5angleENS_13rotationUnitsE
                0x200128f8       0x74 c:\Users\Justi\AppData\Roaming\Code\User\globalStorage\vexrobotics.vexcode\sdk\cpp\IQ2\IQ2_20230627_09_00_00/vexiq2\libviq2rt.a(vex_imu.cpp.o)
                0x200128f8                vex::inertial::angle(vex::rotationUnits)
 .text._ZThn20_N3vex8inertial5angleENS_13rotationUnitsE
                0x2001296c        0x8 c:\Users\Justi\AppData\Roaming\Code\User\globalStorage\vexrobotics.vexcode\sdk\cpp\IQ2\IQ2_20230627_09_00_00/vexiq2\libviq2rt.a(vex_imu.cpp.o)
                0x2001296c                non-virtual thunk to vex::inertial::angle(vex::rotationUnits)
 .text._ZN3vex8inertial7headingENS_13rotationUnitsE
                0x20012974        0x4 c:\Users\Justi\AppData\Roaming\Code\User\globalStorage\vexrobotics.vexcode\sdk\cpp\IQ2\IQ2_20230627_09_00_00/vexiq2\libviq2rt.a(vex_imu.cpp.o)
                0x20012974                vex::inertial::heading(vex::rotationUnits)
 .text._ZThn20_N3vex8inertial7headingENS_13rotationUnitsE
                0x20012978        0x8 c:\Users\Justi\AppData\Roaming\Code\User\globalStorage\vexrobotics.vexcode\sdk\cpp\IQ2\IQ2_20230627_09_00_00/vexiq2\libviq2rt.a(vex_imu.cpp.o)
                0x20012978                non-virtual thunk to vex::inertial::heading(vex::rotationUnits)
 .text._ZN3vex8inertial5valueEv
                0x20012980       0x12 c:\Users\Justi\AppData\Roaming\Code\User\globalStorage\vexrobotics.vexcode\sdk\cpp\IQ2\IQ2_20230627_09_00_00/vexiq2\libviq2rt.a(vex_imu.cpp.o)
                0x20012980                vex::inertial::value()
 *fill*         0x20012992        0x2 
 .text._ZN3vex8inertial8rotationENS_13rotationUnitsE
                0x20012994       0x38 c:\Users\Justi\AppData\Roaming\Code\User\globalStorage\vexrobotics.vexcode\sdk\cpp\IQ2\IQ2_20230627_09_00_00/vexiq2\libviq2rt.a(vex_imu.cpp.o)
                0x20012994                vex::inertial::rotation(vex::rotationUnits)
 .text._ZThn20_N3vex8inertial8rotationENS_13rotationUnitsE
                0x200129cc        0x8 c:\Users\Justi\AppData\Roaming\Code\User\globalStorage\vexrobotics.vexcode\sdk\cpp\IQ2\IQ2_20230627_09_00_00/vexiq2\libviq2rt.a(vex_imu.cpp.o)
                0x200129cc                non-virtual thunk to vex::inertial::rotation(vex::rotationUnits)
 .text._ZN3vex8inertial13isCalibratingEv
                0x200129d4       0x22 c:\Users\Justi\AppData\Roaming\Code\User\globalStorage\vexrobotics.vexcode\sdk\cpp\IQ2\IQ2_20230627_09_00_00/vexiq2\libviq2rt.a(vex_imu.cpp.o)
                0x200129d4                vex::inertial::isCalibrating()
 .text._ZThn20_N3vex8inertial13isCalibratingEv
                0x200129f6        0x8 c:\Users\Justi\AppData\Roaming\Code\User\globalStorage\vexrobotics.vexcode\sdk\cpp\IQ2\IQ2_20230627_09_00_00/vexiq2\libviq2rt.a(vex_imu.cpp.o)
                0x200129f6                non-virtual thunk to vex::inertial::isCalibrating()
 *fill*         0x200129fe        0x2 
 .text._ZN3vex8inertialC2ElNS_8turnTypeE
                0x20012a00       0x30 c:\Users\Justi\AppData\Roaming\Code\User\globalStorage\vexrobotics.vexcode\sdk\cpp\IQ2\IQ2_20230627_09_00_00/vexiq2\libviq2rt.a(vex_imu.cpp.o)
                0x20012a00                vex::inertial::inertial(long, vex::turnType)
                0x20012a00                vex::inertial::inertial(long, vex::turnType)
 .text._ZN3vex8inertialC2ENS_8turnTypeE
                0x20012a30       0x18 c:\Users\Justi\AppData\Roaming\Code\User\globalStorage\vexrobotics.vexcode\sdk\cpp\IQ2\IQ2_20230627_09_00_00/vexiq2\libviq2rt.a(vex_imu.cpp.o)
                0x20012a30                vex::inertial::inertial(vex::turnType)
                0x20012a30                vex::inertial::inertial(vex::turnType)
 .text._ZN3vex8inertial16startCalibrationEl
                0x20012a48       0x16 c:\Users\Justi\AppData\Roaming\Code\User\globalStorage\vexrobotics.vexcode\sdk\cpp\IQ2\IQ2_20230627_09_00_00/vexiq2\libviq2rt.a(vex_imu.cpp.o)
                0x20012a48                vex::inertial::startCalibration(long)
 .text._ZN3vex8inertial9calibrateEl
                0x20012a5e        0xa c:\Users\Justi\AppData\Roaming\Code\User\globalStorage\vexrobotics.vexcode\sdk\cpp\IQ2\IQ2_20230627_09_00_00/vexiq2\libviq2rt.a(vex_imu.cpp.o)
                0x20012a5e                vex::inertial::calibrate(long)
                0x20012a62                non-virtual thunk to vex::inertial::calibrate(long)
 .text._ZN3vex11motor_group18motor_group_motorsC2Ev
                0x20012a68       0x18 c:\Users\Justi\AppData\Roaming\Code\User\globalStorage\vexrobotics.vexcode\sdk\cpp\IQ2\IQ2_20230627_09_00_00/vexiq2\libviq2rt.a(vex_motorgroup.cpp.o)
                0x20012a68                vex::motor_group::motor_group_motors::motor_group_motors()
                0x20012a68                vex::motor_group::motor_group_motors::motor_group_motors()
 .text._ZN3vex11motor_group18motor_group_motorsC2ERKS1_
                0x20012a80       0x14 c:\Users\Justi\AppData\Roaming\Code\User\globalStorage\vexrobotics.vexcode\sdk\cpp\IQ2\IQ2_20230627_09_00_00/vexiq2\libviq2rt.a(vex_motorgroup.cpp.o)
                0x20012a80                vex::motor_group::motor_group_motors::motor_group_motors(vex::motor_group::motor_group_motors const&)
                0x20012a80                vex::motor_group::motor_group_motors::motor_group_motors(vex::motor_group::motor_group_motors const&)
 .text._ZN3vex11motor_groupC2Ev
                0x20012a94       0x14 c:\Users\Justi\AppData\Roaming\Code\User\globalStorage\vexrobotics.vexcode\sdk\cpp\IQ2\IQ2_20230627_09_00_00/vexiq2\libviq2rt.a(vex_motorgroup.cpp.o)
                0x20012a94                vex::motor_group::motor_group()
                0x20012a94                vex::motor_group::motor_group()
 .text._ZN3vex11motor_groupD2Ev
                0x20012aa8        0x2 c:\Users\Justi\AppData\Roaming\Code\User\globalStorage\vexrobotics.vexcode\sdk\cpp\IQ2\IQ2_20230627_09_00_00/vexiq2\libviq2rt.a(vex_motorgroup.cpp.o)
                0x20012aa8                vex::motor_group::~motor_group()
                0x20012aa8                vex::motor_group::~motor_group()
 .text._ZN3vex11motor_group9_addMotorERNS_5motorE
                0x20012aaa       0x14 c:\Users\Justi\AppData\Roaming\Code\User\globalStorage\vexrobotics.vexcode\sdk\cpp\IQ2\IQ2_20230627_09_00_00/vexiq2\libviq2rt.a(vex_motorgroup.cpp.o)
                0x20012aaa                vex::motor_group::_addMotor(vex::motor&)
 .text._ZN3vex11motor_group11setVelocityEdNS_13velocityUnitsE
                0x20012abe       0x3a c:\Users\Justi\AppData\Roaming\Code\User\globalStorage\vexrobotics.vexcode\sdk\cpp\IQ2\IQ2_20230627_09_00_00/vexiq2\libviq2rt.a(vex_motorgroup.cpp.o)
                0x20012abe                vex::motor_group::setVelocity(double, vex::velocityUnits)
 .text._ZN3vex11motor_group11setStoppingENS_9brakeTypeE
                0x20012af8       0x22 c:\Users\Justi\AppData\Roaming\Code\User\globalStorage\vexrobotics.vexcode\sdk\cpp\IQ2\IQ2_20230627_09_00_00/vexiq2\libviq2rt.a(vex_motorgroup.cpp.o)
                0x20012af8                vex::motor_group::setStopping(vex::brakeType)
 .text._ZN3vex11motor_group11setPositionEdNS_13rotationUnitsE
                0x20012b1a       0x3a c:\Users\Justi\AppData\Roaming\Code\User\globalStorage\vexrobotics.vexcode\sdk\cpp\IQ2\IQ2_20230627_09_00_00/vexiq2\libviq2rt.a(vex_motorgroup.cpp.o)
                0x20012b1a                vex::motor_group::setPosition(double, vex::rotationUnits)
 .text._ZN3vex11motor_group4spinENS_13directionTypeE
                0x20012b54       0x22 c:\Users\Justi\AppData\Roaming\Code\User\globalStorage\vexrobotics.vexcode\sdk\cpp\IQ2\IQ2_20230627_09_00_00/vexiq2\libviq2rt.a(vex_motorgroup.cpp.o)
                0x20012b54                vex::motor_group::spin(vex::directionType)
 .text._ZN3vex11motor_group4spinENS_13directionTypeEdNS_13velocityUnitsE
                0x20012b76       0x3e c:\Users\Justi\AppData\Roaming\Code\User\globalStorage\vexrobotics.vexcode\sdk\cpp\IQ2\IQ2_20230627_09_00_00/vexiq2\libviq2rt.a(vex_motorgroup.cpp.o)
                0x20012b76                vex::motor_group::spin(vex::directionType, double, vex::velocityUnits)
 .text._ZN3vex11motor_group10isSpinningEv
                0x20012bb4       0x26 c:\Users\Justi\AppData\Roaming\Code\User\globalStorage\vexrobotics.vexcode\sdk\cpp\IQ2\IQ2_20230627_09_00_00/vexiq2\libviq2rt.a(vex_motorgroup.cpp.o)
                0x20012bb4                vex::motor_group::isSpinning()
 .text._ZN3vex11motor_group6isDoneEv
                0x20012bda        0xe c:\Users\Justi\AppData\Roaming\Code\User\globalStorage\vexrobotics.vexcode\sdk\cpp\IQ2\IQ2_20230627_09_00_00/vexiq2\libviq2rt.a(vex_motorgroup.cpp.o)
                0x20012bda                vex::motor_group::isDone()
 .text._ZN3vex11motor_group14isSpinningModeEv
                0x20012be8       0x26 c:\Users\Justi\AppData\Roaming\Code\User\globalStorage\vexrobotics.vexcode\sdk\cpp\IQ2\IQ2_20230627_09_00_00/vexiq2\libviq2rt.a(vex_motorgroup.cpp.o)
                0x20012be8                vex::motor_group::isSpinningMode()
 .text._ZN3vex11motor_group4stopEv
                0x20012c0e       0x1e c:\Users\Justi\AppData\Roaming\Code\User\globalStorage\vexrobotics.vexcode\sdk\cpp\IQ2\IQ2_20230627_09_00_00/vexiq2\libviq2rt.a(vex_motorgroup.cpp.o)
                0x20012c0e                vex::motor_group::stop()
 .text._ZN3vex11motor_group12setMaxTorqueEdNS_12percentUnitsE
                0x20012c2c       0x3a c:\Users\Justi\AppData\Roaming\Code\User\globalStorage\vexrobotics.vexcode\sdk\cpp\IQ2\IQ2_20230627_09_00_00/vexiq2\libviq2rt.a(vex_motorgroup.cpp.o)
                0x20012c2c                vex::motor_group::setMaxTorque(double, vex::percentUnits)
 .text._ZN3vex11motor_group8positionENS_13rotationUnitsE
                0x20012c66        0x8 c:\Users\Justi\AppData\Roaming\Code\User\globalStorage\vexrobotics.vexcode\sdk\cpp\IQ2\IQ2_20230627_09_00_00/vexiq2\libviq2rt.a(vex_motorgroup.cpp.o)
                0x20012c66                vex::motor_group::position(vex::rotationUnits)
 .text._ZN3vex11motor_group20waitForCompletionAllEv
                0x20012c6e       0x36 c:\Users\Justi\AppData\Roaming\Code\User\globalStorage\vexrobotics.vexcode\sdk\cpp\IQ2\IQ2_20230627_09_00_00/vexiq2\libviq2rt.a(vex_motorgroup.cpp.o)
                0x20012c6e                vex::motor_group::waitForCompletionAll()
 .text._ZN3vex11motor_group7spinForENS_13directionTypeEdNS_13rotationUnitsEdNS_13velocityUnitsEb
                0x20012ca4       0x78 c:\Users\Justi\AppData\Roaming\Code\User\globalStorage\vexrobotics.vexcode\sdk\cpp\IQ2\IQ2_20230627_09_00_00/vexiq2\libviq2rt.a(vex_motorgroup.cpp.o)
                0x20012ca4                vex::motor_group::spinFor(vex::directionType, double, vex::rotationUnits, double, vex::velocityUnits, bool)
 .text._ZN3vex11motor_group7spinForEdNS_13rotationUnitsEb
                0x20012d1c       0x56 c:\Users\Justi\AppData\Roaming\Code\User\globalStorage\vexrobotics.vexcode\sdk\cpp\IQ2\IQ2_20230627_09_00_00/vexiq2\libviq2rt.a(vex_motorgroup.cpp.o)
                0x20012d1c                vex::motor_group::spinFor(double, vex::rotationUnits, bool)
 .text._ZN3vex11motor_group7spinForENS_13directionTypeEdNS_13rotationUnitsEb
                0x20012d72       0x5a c:\Users\Justi\AppData\Roaming\Code\User\globalStorage\vexrobotics.vexcode\sdk\cpp\IQ2\IQ2_20230627_09_00_00/vexiq2\libviq2rt.a(vex_motorgroup.cpp.o)
                0x20012d72                vex::motor_group::spinFor(vex::directionType, double, vex::rotationUnits, bool)
 .text._ZN3vex10drivetrainD2Ev
                0x20012dcc       0x1c c:\Users\Justi\AppData\Roaming\Code\User\globalStorage\vexrobotics.vexcode\sdk\cpp\IQ2\IQ2_20230627_09_00_00/vexiq2\libviq2rt.a(vex_drivetrain.cpp.o)
                0x20012dcc                vex::drivetrain::~drivetrain()
                0x20012dcc                vex::drivetrain::~drivetrain()
 .text._ZN3vex10drivetrainD0Ev
                0x20012de8       0x12 c:\Users\Justi\AppData\Roaming\Code\User\globalStorage\vexrobotics.vexcode\sdk\cpp\IQ2\IQ2_20230627_09_00_00/vexiq2\libviq2rt.a(vex_drivetrain.cpp.o)
                0x20012de8                vex::drivetrain::~drivetrain()
 .text._ZN3vex10drivetrain8isMovingEv
                0x20012dfa       0x1a c:\Users\Justi\AppData\Roaming\Code\User\globalStorage\vexrobotics.vexcode\sdk\cpp\IQ2\IQ2_20230627_09_00_00/vexiq2\libviq2rt.a(vex_drivetrain.cpp.o)
                0x20012dfa                vex::drivetrain::isMoving()
 .text._ZN3vex10drivetrain16setDriveVelocityEdNS_13velocityUnitsE
                0x20012e14       0x4a c:\Users\Justi\AppData\Roaming\Code\User\globalStorage\vexrobotics.vexcode\sdk\cpp\IQ2\IQ2_20230627_09_00_00/vexiq2\libviq2rt.a(vex_drivetrain.cpp.o)
                0x20012e14                vex::drivetrain::setDriveVelocity(double, vex::velocityUnits)
 *fill*         0x20012e5e        0x2 
 .text._ZN3vex10drivetrain12setGearRatioEd
                0x20012e60       0x54 c:\Users\Justi\AppData\Roaming\Code\User\globalStorage\vexrobotics.vexcode\sdk\cpp\IQ2\IQ2_20230627_09_00_00/vexiq2\libviq2rt.a(vex_drivetrain.cpp.o)
                0x20012e60                vex::drivetrain::setGearRatio(double)
 .text._ZN3vex10drivetrain16setDriveVelocityEdNS_12percentUnitsE
                0x20012eb4        0x4 c:\Users\Justi\AppData\Roaming\Code\User\globalStorage\vexrobotics.vexcode\sdk\cpp\IQ2\IQ2_20230627_09_00_00/vexiq2\libviq2rt.a(vex_drivetrain.cpp.o)
                0x20012eb4                vex::drivetrain::setDriveVelocity(double, vex::percentUnits)
 .text._ZN3vex10drivetrain11setStoppingENS_9brakeTypeE
                0x20012eb8       0x1a c:\Users\Justi\AppData\Roaming\Code\User\globalStorage\vexrobotics.vexcode\sdk\cpp\IQ2\IQ2_20230627_09_00_00/vexiq2\libviq2rt.a(vex_drivetrain.cpp.o)
                0x20012eb8                vex::drivetrain::setStopping(vex::brakeType)
 .text._ZN3vex10drivetrain10timeoutGetEv
                0x20012ed2        0x6 c:\Users\Justi\AppData\Roaming\Code\User\globalStorage\vexrobotics.vexcode\sdk\cpp\IQ2\IQ2_20230627_09_00_00/vexiq2\libviq2rt.a(vex_drivetrain.cpp.o)
                0x20012ed2                vex::drivetrain::timeoutGet()
 .text._ZN3vex10drivetrain5driveENS_13directionTypeE
                0x20012ed8       0x1e c:\Users\Justi\AppData\Roaming\Code\User\globalStorage\vexrobotics.vexcode\sdk\cpp\IQ2\IQ2_20230627_09_00_00/vexiq2\libviq2rt.a(vex_drivetrain.cpp.o)
                0x20012ed8                vex::drivetrain::drive(vex::directionType)
 .text._ZN3vex10drivetrain4turnENS_8turnTypeE
                0x20012ef6       0x36 c:\Users\Justi\AppData\Roaming\Code\User\globalStorage\vexrobotics.vexcode\sdk\cpp\IQ2\IQ2_20230627_09_00_00/vexiq2\libviq2rt.a(vex_drivetrain.cpp.o)
                0x20012ef6                vex::drivetrain::turn(vex::turnType)
 .text._ZN3vex10drivetrain15setTurnVelocityEdNS_13velocityUnitsE
                0x20012f2c       0x2e c:\Users\Justi\AppData\Roaming\Code\User\globalStorage\vexrobotics.vexcode\sdk\cpp\IQ2\IQ2_20230627_09_00_00/vexiq2\libviq2rt.a(vex_drivetrain.cpp.o)
                0x20012f2c                vex::drivetrain::setTurnVelocity(double, vex::velocityUnits)
 .text._ZN3vex10drivetrain4turnENS_8turnTypeEdNS_13velocityUnitsE
                0x20012f5a       0x60 c:\Users\Justi\AppData\Roaming\Code\User\globalStorage\vexrobotics.vexcode\sdk\cpp\IQ2\IQ2_20230627_09_00_00/vexiq2\libviq2rt.a(vex_drivetrain.cpp.o)
                0x20012f5a                vex::drivetrain::turn(vex::turnType, double, vex::velocityUnits)
 .text._ZN3vex10drivetrain6isDoneEv
                0x20012fba        0xe c:\Users\Justi\AppData\Roaming\Code\User\globalStorage\vexrobotics.vexcode\sdk\cpp\IQ2\IQ2_20230627_09_00_00/vexiq2\libviq2rt.a(vex_drivetrain.cpp.o)
                0x20012fba                vex::drivetrain::isDone()
 .text._ZN3vex10drivetrain4stopEv
                0x20012fc8       0x1a c:\Users\Justi\AppData\Roaming\Code\User\globalStorage\vexrobotics.vexcode\sdk\cpp\IQ2\IQ2_20230627_09_00_00/vexiq2\libviq2rt.a(vex_drivetrain.cpp.o)
                0x20012fc8                vex::drivetrain::stop()
 .text._ZN3vex10drivetrain21_waitForCompletionAllEv
                0x20012fe2       0x4c c:\Users\Justi\AppData\Roaming\Code\User\globalStorage\vexrobotics.vexcode\sdk\cpp\IQ2\IQ2_20230627_09_00_00/vexiq2\libviq2rt.a(vex_drivetrain.cpp.o)
                0x20012fe2                vex::drivetrain::_waitForCompletionAll()
 *fill*         0x2001302e        0x2 
 .text._ZN3vex10drivetrain12distanceToMmEdNS_13distanceUnitsE
                0x20013030       0x44 c:\Users\Justi\AppData\Roaming\Code\User\globalStorage\vexrobotics.vexcode\sdk\cpp\IQ2\IQ2_20230627_09_00_00/vexiq2\libviq2rt.a(vex_drivetrain.cpp.o)
                0x20013030                vex::drivetrain::distanceToMm(double, vex::distanceUnits)
 *fill*         0x20013074        0x4 
 .text._ZN3vex10drivetrainC2ERNS_11motor_groupES2_dddNS_13distanceUnitsEd
                0x20013078      0x100 c:\Users\Justi\AppData\Roaming\Code\User\globalStorage\vexrobotics.vexcode\sdk\cpp\IQ2\IQ2_20230627_09_00_00/vexiq2\libviq2rt.a(vex_drivetrain.cpp.o)
                0x20013078                vex::drivetrain::drivetrain(vex::motor_group&, vex::motor_group&, double, double, double, vex::distanceUnits, double)
                0x20013078                vex::drivetrain::drivetrain(vex::motor_group&, vex::motor_group&, double, double, double, vex::distanceUnits, double)
 .text._ZN3vex10drivetrain12_angleToRevsEdNS_13rotationUnitsE
                0x20013178       0xfc c:\Users\Justi\AppData\Roaming\Code\User\globalStorage\vexrobotics.vexcode\sdk\cpp\IQ2\IQ2_20230627_09_00_00/vexiq2\libviq2rt.a(vex_drivetrain.cpp.o)
                0x20013178                vex::drivetrain::_angleToRevs(double, vex::rotationUnits)
 .text._ZN3vex10drivetrain7turnForENS_8turnTypeEdNS_13rotationUnitsEb
                0x20013274       0x7a c:\Users\Justi\AppData\Roaming\Code\User\globalStorage\vexrobotics.vexcode\sdk\cpp\IQ2\IQ2_20230627_09_00_00/vexiq2\libviq2rt.a(vex_drivetrain.cpp.o)
                0x20013274                vex::drivetrain::turnFor(vex::turnType, double, vex::rotationUnits, bool)
 .text._ZN3vex10drivetrain7turnForEdNS_13rotationUnitsEb
                0x200132ee       0x12 c:\Users\Justi\AppData\Roaming\Code\User\globalStorage\vexrobotics.vexcode\sdk\cpp\IQ2\IQ2_20230627_09_00_00/vexiq2\libviq2rt.a(vex_drivetrain.cpp.o)
                0x200132ee                vex::drivetrain::turnFor(double, vex::rotationUnits, bool)
 .text._ZN3vex10drivetrain7turnForENS_8turnTypeEdNS_13rotationUnitsEdNS_13velocityUnitsEb
                0x20013300       0xbc c:\Users\Justi\AppData\Roaming\Code\User\globalStorage\vexrobotics.vexcode\sdk\cpp\IQ2\IQ2_20230627_09_00_00/vexiq2\libviq2rt.a(vex_drivetrain.cpp.o)
                0x20013300                vex::drivetrain::turnFor(vex::turnType, double, vex::rotationUnits, double, vex::velocityUnits, bool)
 .text._ZN3vex10drivetrain7turnForEdNS_13rotationUnitsEdNS_13velocityUnitsEb
                0x200133bc       0x16 c:\Users\Justi\AppData\Roaming\Code\User\globalStorage\vexrobotics.vexcode\sdk\cpp\IQ2\IQ2_20230627_09_00_00/vexiq2\libviq2rt.a(vex_drivetrain.cpp.o)
                0x200133bc                vex::drivetrain::turnFor(double, vex::rotationUnits, double, vex::velocityUnits, bool)
 *fill*         0x200133d2        0x2 
 .text._ZN3vex10smartdriveD2Ev
                0x200133d4       0x28 c:\Users\Justi\AppData\Roaming\Code\User\globalStorage\vexrobotics.vexcode\sdk\cpp\IQ2\IQ2_20230627_09_00_00/vexiq2\libviq2rt.a(vex_smartdrive.cpp.o)
                0x200133d4                vex::smartdrive::~smartdrive()
                0x200133d4                vex::smartdrive::~smartdrive()
 .text._ZN3vex10smartdriveD0Ev
                0x200133fc       0x12 c:\Users\Justi\AppData\Roaming\Code\User\globalStorage\vexrobotics.vexcode\sdk\cpp\IQ2\IQ2_20230627_09_00_00/vexiq2\libviq2rt.a(vex_smartdrive.cpp.o)
                0x200133fc                vex::smartdrive::~smartdrive()
 .text._ZN3vex10smartdrive23setTurnDirectionReverseEb
                0x2001340e       0x1a c:\Users\Justi\AppData\Roaming\Code\User\globalStorage\vexrobotics.vexcode\sdk\cpp\IQ2\IQ2_20230627_09_00_00/vexiq2\libviq2rt.a(vex_smartdrive.cpp.o)
                0x2001340e                vex::smartdrive::setTurnDirectionReverse(bool)
 .text._ZN3vex10smartdriveC2ERNS_11motor_groupES2_RNS_5guidoEdddNS_13distanceUnitsEd
                0x20013428       0x50 c:\Users\Justi\AppData\Roaming\Code\User\globalStorage\vexrobotics.vexcode\sdk\cpp\IQ2\IQ2_20230627_09_00_00/vexiq2\libviq2rt.a(vex_smartdrive.cpp.o)
                0x20013428                vex::smartdrive::smartdrive(vex::motor_group&, vex::motor_group&, vex::guido&, double, double, double, vex::distanceUnits, double)
                0x20013428                vex::smartdrive::smartdrive(vex::motor_group&, vex::motor_group&, vex::guido&, double, double, double, vex::distanceUnits, double)
 .text._ZN3vex10smartdrive8rotationENS_13rotationUnitsE
                0x20013478        0xa c:\Users\Justi\AppData\Roaming\Code\User\globalStorage\vexrobotics.vexcode\sdk\cpp\IQ2\IQ2_20230627_09_00_00/vexiq2\libviq2rt.a(vex_smartdrive.cpp.o)
                0x20013478                vex::smartdrive::rotation(vex::rotationUnits)
 .text._ZN3vex10smartdrive9isTurningEv
                0x20013482       0x14 c:\Users\Justi\AppData\Roaming\Code\User\globalStorage\vexrobotics.vexcode\sdk\cpp\IQ2\IQ2_20230627_09_00_00/vexiq2\libviq2rt.a(vex_smartdrive.cpp.o)
                0x20013482                vex::smartdrive::isTurning()
 *fill*         0x20013496        0x2 
 .text._ZN3vex10smartdrive11_initeventsEv
                0x20013498       0x3c c:\Users\Justi\AppData\Roaming\Code\User\globalStorage\vexrobotics.vexcode\sdk\cpp\IQ2\IQ2_20230627_09_00_00/vexiq2\libviq2rt.a(vex_smartdrive.cpp.o)
                0x20013498                vex::smartdrive::_initevents()
 .text._ZN3vex10smartdrive22_testForCompletionGyroEv
                0x200134d4       0xd2 c:\Users\Justi\AppData\Roaming\Code\User\globalStorage\vexrobotics.vexcode\sdk\cpp\IQ2\IQ2_20230627_09_00_00/vexiq2\libviq2rt.a(vex_smartdrive.cpp.o)
                0x200134d4                vex::smartdrive::_testForCompletionGyro()
 .text._ZN3vex10smartdrive9_gyrotaskEPv
                0x200135a6       0x64 c:\Users\Justi\AppData\Roaming\Code\User\globalStorage\vexrobotics.vexcode\sdk\cpp\IQ2\IQ2_20230627_09_00_00/vexiq2\libviq2rt.a(vex_smartdrive.cpp.o)
                0x200135a6                vex::smartdrive::_gyrotask(void*)
 .text._ZN3vex10smartdrive22_waitForCompletionGyroEv
                0x2001360a       0x74 c:\Users\Justi\AppData\Roaming\Code\User\globalStorage\vexrobotics.vexcode\sdk\cpp\IQ2\IQ2_20230627_09_00_00/vexiq2\libviq2rt.a(vex_smartdrive.cpp.o)
                0x2001360a                vex::smartdrive::_waitForCompletionGyro()
 *fill*         0x2001367e        0x2 
 .text._ZN3vex10smartdrive7turnForENS_8turnTypeEdNS_13rotationUnitsEdNS_13velocityUnitsEb
                0x20013680      0x140 c:\Users\Justi\AppData\Roaming\Code\User\globalStorage\vexrobotics.vexcode\sdk\cpp\IQ2\IQ2_20230627_09_00_00/vexiq2\libviq2rt.a(vex_smartdrive.cpp.o)
                0x20013680                vex::smartdrive::turnFor(vex::turnType, double, vex::rotationUnits, double, vex::velocityUnits, bool)
 .text._ZN3vex10smartdrive7turnForENS_8turnTypeEdNS_13rotationUnitsEb
                0x200137c0       0x14 c:\Users\Justi\AppData\Roaming\Code\User\globalStorage\vexrobotics.vexcode\sdk\cpp\IQ2\IQ2_20230627_09_00_00/vexiq2\libviq2rt.a(vex_smartdrive.cpp.o)
                0x200137c0                vex::smartdrive::turnFor(vex::turnType, double, vex::rotationUnits, bool)
 .text._ZN3vex10smartdrive7turnForEdNS_13rotationUnitsEb
                0x200137d4       0x14 c:\Users\Justi\AppData\Roaming\Code\User\globalStorage\vexrobotics.vexcode\sdk\cpp\IQ2\IQ2_20230627_09_00_00/vexiq2\libviq2rt.a(vex_smartdrive.cpp.o)
                0x200137d4                vex::smartdrive::turnFor(double, vex::rotationUnits, bool)
 .text._ZN3vex10smartdrive7turnForEdNS_13rotationUnitsEdNS_13velocityUnitsEb
                0x200137e8       0x18 c:\Users\Justi\AppData\Roaming\Code\User\globalStorage\vexrobotics.vexcode\sdk\cpp\IQ2\IQ2_20230627_09_00_00/vexiq2\libviq2rt.a(vex_smartdrive.cpp.o)
                0x200137e8                vex::smartdrive::turnFor(double, vex::rotationUnits, double, vex::velocityUnits, bool)
 .text._ZN3vex10smartdrive8isMovingEv
                0x20013800       0x16 c:\Users\Justi\AppData\Roaming\Code\User\globalStorage\vexrobotics.vexcode\sdk\cpp\IQ2\IQ2_20230627_09_00_00/vexiq2\libviq2rt.a(vex_smartdrive.cpp.o)
                0x20013800                vex::smartdrive::isMoving()
 .text._ZN3vex5event9userindexEv
                0x20013816        0x4 c:\Users\Justi\AppData\Roaming\Code\User\globalStorage\vexrobotics.vexcode\sdk\cpp\IQ2\IQ2_20230627_09_00_00/vexiq2\libviq2rt.a(vex_event.cpp.o)
                0x20013816                vex::event::userindex()
 .text._ZN3vex6device5valueEv
                0x2001381a        0x4 c:\Users\Justi\AppData\Roaming\Code\User\globalStorage\vexrobotics.vexcode\sdk\cpp\IQ2\IQ2_20230627_09_00_00/vexiq2\libviq2rt.a(vex_device.cpp.o)
                0x2001381a                vex::device::value()
 .text._ZN3vex6deviceD2Ev
                0x2001381e        0x2 c:\Users\Justi\AppData\Roaming\Code\User\globalStorage\vexrobotics.vexcode\sdk\cpp\IQ2\IQ2_20230627_09_00_00/vexiq2\libviq2rt.a(vex_device.cpp.o)
                0x2001381e                vex::device::~device()
                0x2001381e                vex::device::~device()
 .text._ZN3vex6device4initEl
                0x20013820       0x22 c:\Users\Justi\AppData\Roaming\Code\User\globalStorage\vexrobotics.vexcode\sdk\cpp\IQ2\IQ2_20230627_09_00_00/vexiq2\libviq2rt.a(vex_device.cpp.o)
                0x20013820                vex::device::init(long)
 *fill*         0x20013842        0x2 
 .text._ZN3vex6deviceC2El
                0x20013844       0x14 c:\Users\Justi\AppData\Roaming\Code\User\globalStorage\vexrobotics.vexcode\sdk\cpp\IQ2\IQ2_20230627_09_00_00/vexiq2\libviq2rt.a(vex_device.cpp.o)
                0x20013844                vex::device::device(long)
                0x20013844                vex::device::device(long)
 .text._ZN3vex6device4typeEv
                0x20013858        0x8 c:\Users\Justi\AppData\Roaming\Code\User\globalStorage\vexrobotics.vexcode\sdk\cpp\IQ2\IQ2_20230627_09_00_00/vexiq2\libviq2rt.a(vex_device.cpp.o)
                0x20013858                vex::device::type()
 .text._ZN3vex6device9installedEv
                0x20013860        0xe c:\Users\Justi\AppData\Roaming\Code\User\globalStorage\vexrobotics.vexcode\sdk\cpp\IQ2\IQ2_20230627_09_00_00/vexiq2\libviq2rt.a(vex_device.cpp.o)
                0x20013860                vex::device::installed()
 .text.__aeabi_atexit
                0x2001386e        0xa c:\Users\Justi\AppData\Roaming\Code\User\globalStorage\vexrobotics.vexcode\sdk\cpp\IQ2\IQ2_20230627_09_00_00/vexiq2/gcc/libs\libc_nano.a(lib_a-aeabi_atexit.o)
                0x2001386e                __aeabi_atexit
 .text.__sflush_r
                0x20013878      0x10c c:\Users\Justi\AppData\Roaming\Code\User\globalStorage\vexrobotics.vexcode\sdk\cpp\IQ2\IQ2_20230627_09_00_00/vexiq2/gcc/libs\libc_nano.a(lib_a-fflush.o)
                0x20013878                __sflush_r
 .text._fflush_r
                0x20013984       0x54 c:\Users\Justi\AppData\Roaming\Code\User\globalStorage\vexrobotics.vexcode\sdk\cpp\IQ2\IQ2_20230627_09_00_00/vexiq2/gcc/libs\libc_nano.a(lib_a-fflush.o)
                0x20013984                _fflush_r
 .text.std      0x200139d8       0x48 c:\Users\Justi\AppData\Roaming\Code\User\globalStorage\vexrobotics.vexcode\sdk\cpp\IQ2\IQ2_20230627_09_00_00/vexiq2/gcc/libs\libc_nano.a(lib_a-findfp.o)
 .text._cleanup_r
                0x20013a20        0xc c:\Users\Justi\AppData\Roaming\Code\User\globalStorage\vexrobotics.vexcode\sdk\cpp\IQ2\IQ2_20230627_09_00_00/vexiq2/gcc/libs\libc_nano.a(lib_a-findfp.o)
                0x20013a20                _cleanup_r
 .text.__sfmoreglue
                0x20013a2c       0x2c c:\Users\Justi\AppData\Roaming\Code\User\globalStorage\vexrobotics.vexcode\sdk\cpp\IQ2\IQ2_20230627_09_00_00/vexiq2/gcc/libs\libc_nano.a(lib_a-findfp.o)
                0x20013a2c                __sfmoreglue
 .text.__sinit  0x20013a58       0x60 c:\Users\Justi\AppData\Roaming\Code\User\globalStorage\vexrobotics.vexcode\sdk\cpp\IQ2\IQ2_20230627_09_00_00/vexiq2/gcc/libs\libc_nano.a(lib_a-findfp.o)
                0x20013a58                __sinit
 .text.__sfp    0x20013ab8       0x78 c:\Users\Justi\AppData\Roaming\Code\User\globalStorage\vexrobotics.vexcode\sdk\cpp\IQ2\IQ2_20230627_09_00_00/vexiq2/gcc/libs\libc_nano.a(lib_a-findfp.o)
                0x20013ab8                __sfp
 .text._fwalk_reent
                0x20013b30       0x3c c:\Users\Justi\AppData\Roaming\Code\User\globalStorage\vexrobotics.vexcode\sdk\cpp\IQ2\IQ2_20230627_09_00_00/vexiq2/gcc/libs\libc_nano.a(lib_a-fwalk.o)
                0x20013b30                _fwalk_reent
 .text.__libc_init_array
                0x20013b6c       0x48 c:\Users\Justi\AppData\Roaming\Code\User\globalStorage\vexrobotics.vexcode\sdk\cpp\IQ2\IQ2_20230627_09_00_00/vexiq2/gcc/libs\libc_nano.a(lib_a-init.o)
                0x20013b6c                __libc_init_array
 .text.__swhatbuf_r
                0x20013bb4       0x48 c:\Users\Justi\AppData\Roaming\Code\User\globalStorage\vexrobotics.vexcode\sdk\cpp\IQ2\IQ2_20230627_09_00_00/vexiq2/gcc/libs\libc_nano.a(lib_a-makebuf.o)
                0x20013bb4                __swhatbuf_r
 .text.__smakebuf_r
                0x20013bfc       0x80 c:\Users\Justi\AppData\Roaming\Code\User\globalStorage\vexrobotics.vexcode\sdk\cpp\IQ2\IQ2_20230627_09_00_00/vexiq2/gcc/libs\libc_nano.a(lib_a-makebuf.o)
                0x20013bfc                __smakebuf_r
 .text.memset   0x20013c7c       0x10 c:\Users\Justi\AppData\Roaming\Code\User\globalStorage\vexrobotics.vexcode\sdk\cpp\IQ2\IQ2_20230627_09_00_00/vexiq2/gcc/libs\libc_nano.a(lib_a-memset.o)
                0x20013c7c                memset
 .text._free_r  0x20013c8c       0x9c c:\Users\Justi\AppData\Roaming\Code\User\globalStorage\vexrobotics.vexcode\sdk\cpp\IQ2\IQ2_20230627_09_00_00/vexiq2/gcc/libs\libc_nano.a(lib_a-nano-freer.o)
                0x20013c8c                _free_r
 .text._malloc_r
                0x20013d28       0xb4 c:\Users\Justi\AppData\Roaming\Code\User\globalStorage\vexrobotics.vexcode\sdk\cpp\IQ2\IQ2_20230627_09_00_00/vexiq2/gcc/libs\libc_nano.a(lib_a-nano-mallocr.o)
                0x20013d28                _malloc_r
 .text.printf   0x20013ddc       0x30 c:\Users\Justi\AppData\Roaming\Code\User\globalStorage\vexrobotics.vexcode\sdk\cpp\IQ2\IQ2_20230627_09_00_00/vexiq2/gcc/libs\libc_nano.a(lib_a-printf.o)
                0x20013ddc                iprintf
                0x20013ddc                printf
 .text._sbrk_r  0x20013e0c       0x20 c:\Users\Justi\AppData\Roaming\Code\User\globalStorage\vexrobotics.vexcode\sdk\cpp\IQ2\IQ2_20230627_09_00_00/vexiq2/gcc/libs\libc_nano.a(lib_a-sbrkr.o)
                0x20013e0c                _sbrk_r
 .text.__sread  0x20013e2c       0x22 c:\Users\Justi\AppData\Roaming\Code\User\globalStorage\vexrobotics.vexcode\sdk\cpp\IQ2\IQ2_20230627_09_00_00/vexiq2/gcc/libs\libc_nano.a(lib_a-stdio.o)
                0x20013e2c                __sread
 .text.__swrite
                0x20013e4e       0x38 c:\Users\Justi\AppData\Roaming\Code\User\globalStorage\vexrobotics.vexcode\sdk\cpp\IQ2\IQ2_20230627_09_00_00/vexiq2/gcc/libs\libc_nano.a(lib_a-stdio.o)
                0x20013e4e                __swrite
 .text.__sseek  0x20013e86       0x24 c:\Users\Justi\AppData\Roaming\Code\User\globalStorage\vexrobotics.vexcode\sdk\cpp\IQ2\IQ2_20230627_09_00_00/vexiq2/gcc/libs\libc_nano.a(lib_a-stdio.o)
                0x20013e86                __sseek
 .text.__sclose
                0x20013eaa        0x8 c:\Users\Justi\AppData\Roaming\Code\User\globalStorage\vexrobotics.vexcode\sdk\cpp\IQ2\IQ2_20230627_09_00_00/vexiq2/gcc/libs\libc_nano.a(lib_a-stdio.o)
                0x20013eaa                __sclose
 *fill*         0x20013eb2        0x2 
 .text.__swbuf_r
                0x20013eb4       0xa4 c:\Users\Justi\AppData\Roaming\Code\User\globalStorage\vexrobotics.vexcode\sdk\cpp\IQ2\IQ2_20230627_09_00_00/vexiq2/gcc/libs\libc_nano.a(lib_a-wbuf.o)
                0x20013eb4                __swbuf_r
 .text._write_r
                0x20013f58       0x24 c:\Users\Justi\AppData\Roaming\Code\User\globalStorage\vexrobotics.vexcode\sdk\cpp\IQ2\IQ2_20230627_09_00_00/vexiq2/gcc/libs\libc_nano.a(lib_a-writer.o)
                0x20013f58                _write_r
 .text.__swsetup_r
                0x20013f7c       0xdc c:\Users\Justi\AppData\Roaming\Code\User\globalStorage\vexrobotics.vexcode\sdk\cpp\IQ2\IQ2_20230627_09_00_00/vexiq2/gcc/libs\libc_nano.a(lib_a-wsetup.o)
                0x20013f7c                __swsetup_r
 .text._close_r
                0x20014058       0x20 c:\Users\Justi\AppData\Roaming\Code\User\globalStorage\vexrobotics.vexcode\sdk\cpp\IQ2\IQ2_20230627_09_00_00/vexiq2/gcc/libs\libc_nano.a(lib_a-closer.o)
                0x20014058                _close_r
 .text._fstat_r
                0x20014078       0x24 c:\Users\Justi\AppData\Roaming\Code\User\globalStorage\vexrobotics.vexcode\sdk\cpp\IQ2\IQ2_20230627_09_00_00/vexiq2/gcc/libs\libc_nano.a(lib_a-fstatr.o)
                0x20014078                _fstat_r
 .text._isatty_r
                0x2001409c       0x20 c:\Users\Justi\AppData\Roaming\Code\User\globalStorage\vexrobotics.vexcode\sdk\cpp\IQ2\IQ2_20230627_09_00_00/vexiq2/gcc/libs\libc_nano.a(lib_a-isattyr.o)
                0x2001409c                _isatty_r
 .text._lseek_r
                0x200140bc       0x24 c:\Users\Justi\AppData\Roaming\Code\User\globalStorage\vexrobotics.vexcode\sdk\cpp\IQ2\IQ2_20230627_09_00_00/vexiq2/gcc/libs\libc_nano.a(lib_a-lseekr.o)
                0x200140bc                _lseek_r
 .text.__malloc_lock
                0x200140e0        0x2 c:\Users\Justi\AppData\Roaming\Code\User\globalStorage\vexrobotics.vexcode\sdk\cpp\IQ2\IQ2_20230627_09_00_00/vexiq2/gcc/libs\libc_nano.a(lib_a-mlock.o)
                0x200140e0                __malloc_lock
 .text.__malloc_unlock
                0x200140e2        0x2 c:\Users\Justi\AppData\Roaming\Code\User\globalStorage\vexrobotics.vexcode\sdk\cpp\IQ2\IQ2_20230627_09_00_00/vexiq2/gcc/libs\libc_nano.a(lib_a-mlock.o)
                0x200140e2                __malloc_unlock
 .text.__sfputc_r
                0x200140e4       0x2e c:\Users\Justi\AppData\Roaming\Code\User\globalStorage\vexrobotics.vexcode\sdk\cpp\IQ2\IQ2_20230627_09_00_00/vexiq2/gcc/libs\libc_nano.a(lib_a-nano-vfprintf.o)
 .text.__sfputs_r
                0x20014112       0x24 c:\Users\Justi\AppData\Roaming\Code\User\globalStorage\vexrobotics.vexcode\sdk\cpp\IQ2\IQ2_20230627_09_00_00/vexiq2/gcc/libs\libc_nano.a(lib_a-nano-vfprintf.o)
                0x20014112                __sfputs_r
 *fill*         0x20014136        0x2 
 .text._vfprintf_r
                0x20014138      0x22c c:\Users\Justi\AppData\Roaming\Code\User\globalStorage\vexrobotics.vexcode\sdk\cpp\IQ2\IQ2_20230627_09_00_00/vexiq2/gcc/libs\libc_nano.a(lib_a-nano-vfprintf.o)
                0x20014138                _vfprintf_r
                0x20014138                _vfiprintf_r
 .text._printf_common
                0x20014364       0xea c:\Users\Justi\AppData\Roaming\Code\User\globalStorage\vexrobotics.vexcode\sdk\cpp\IQ2\IQ2_20230627_09_00_00/vexiq2/gcc/libs\libc_nano.a(lib_a-nano-vfprintf_i.o)
                0x20014364                _printf_common
 *fill*         0x2001444e        0x2 
 .text._printf_i
                0x20014450      0x224 c:\Users\Justi\AppData\Roaming\Code\User\globalStorage\vexrobotics.vexcode\sdk\cpp\IQ2\IQ2_20230627_09_00_00/vexiq2/gcc/libs\libc_nano.a(lib_a-nano-vfprintf_i.o)
                0x20014450                _printf_i
 .text._read_r  0x20014674       0x24 c:\Users\Justi\AppData\Roaming\Code\User\globalStorage\vexrobotics.vexcode\sdk\cpp\IQ2\IQ2_20230627_09_00_00/vexiq2/gcc/libs\libc_nano.a(lib_a-readr.o)
                0x20014674                _read_r
 .text._ZdlPv   0x20014698        0x4 c:\Users\Justi\AppData\Roaming\Code\User\globalStorage\vexrobotics.vexcode\sdk\cpp\IQ2\IQ2_20230627_09_00_00/vexiq2/gcc/libs\libstdc++_nano.a(del_op.o)
                0x20014698                operator delete(void*)
 .text.fmod     0x2001469c       0xd0 c:\Users\Justi\AppData\Roaming\Code\User\globalStorage\vexrobotics.vexcode\sdk\cpp\IQ2\IQ2_20230627_09_00_00/vexiq2/gcc/libs\libm.a(lib_a-w_fmod.o)
                0x2001469c                fmod
 .text.__ieee754_fmod
                0x2001476c      0x248 c:\Users\Justi\AppData\Roaming\Code\User\globalStorage\vexrobotics.vexcode\sdk\cpp\IQ2\IQ2_20230627_09_00_00/vexiq2/gcc/libs\libm.a(lib_a-e_fmod.o)
                0x2001476c                __ieee754_fmod
 .text.matherr  0x200149b4        0x4 c:\Users\Justi\AppData\Roaming\Code\User\globalStorage\vexrobotics.vexcode\sdk\cpp\IQ2\IQ2_20230627_09_00_00/vexiq2/gcc/libs\libm.a(lib_a-s_matherr.o)
                0x200149b4                matherr
 .text.__errno  0x200149b8        0xc c:\Users\Justi\AppData\Roaming\Code\User\globalStorage\vexrobotics.vexcode\sdk\cpp\IQ2\IQ2_20230627_09_00_00/vexiq2\libviq2rt.a(iq2_fstubs.c.o)
                0x200149b8                __errno
 .text._fstat   0x200149c4       0x1e c:\Users\Justi\AppData\Roaming\Code\User\globalStorage\vexrobotics.vexcode\sdk\cpp\IQ2\IQ2_20230627_09_00_00/vexiq2\libviq2rt.a(iq2_fstubs.c.o)
                0x200149c4                _fstat
 .text._lseek   0x200149e2       0x1c c:\Users\Justi\AppData\Roaming\Code\User\globalStorage\vexrobotics.vexcode\sdk\cpp\IQ2\IQ2_20230627_09_00_00/vexiq2\libviq2rt.a(iq2_fstubs.c.o)
                0x200149e2                _lseek
 .text._close   0x200149fe       0x14 c:\Users\Justi\AppData\Roaming\Code\User\globalStorage\vexrobotics.vexcode\sdk\cpp\IQ2\IQ2_20230627_09_00_00/vexiq2\libviq2rt.a(iq2_fstubs.c.o)
                0x200149fe                _close
 .text._read    0x20014a12       0x1c c:\Users\Justi\AppData\Roaming\Code\User\globalStorage\vexrobotics.vexcode\sdk\cpp\IQ2\IQ2_20230627_09_00_00/vexiq2\libviq2rt.a(iq2_fstubs.c.o)
                0x20014a12                _read
 .text._write   0x20014a2e       0x28 c:\Users\Justi\AppData\Roaming\Code\User\globalStorage\vexrobotics.vexcode\sdk\cpp\IQ2\IQ2_20230627_09_00_00/vexiq2\libviq2rt.a(iq2_fstubs.c.o)
                0x20014a2e                _write
 .text._isatty  0x20014a56       0x14 c:\Users\Justi\AppData\Roaming\Code\User\globalStorage\vexrobotics.vexcode\sdk\cpp\IQ2\IQ2_20230627_09_00_00/vexiq2\libviq2rt.a(iq2_fstubs.c.o)
                0x20014a56                _isatty
 *fill*         0x20014a6a        0x2 
 .text.free     0x20014a6c       0x10 c:\Users\Justi\AppData\Roaming\Code\User\globalStorage\vexrobotics.vexcode\sdk\cpp\IQ2\IQ2_20230627_09_00_00/vexiq2/gcc/libs\libc_nano.a(lib_a-malloc.o)
                0x20014a6c                free
 *(.gnu.linkonce.t.*)
 *(.plt)
 *(.gnu_warning)
 *(.gcc_except_table)
 *(.glue_7)
 .glue_7        0x00000000        0x0 linker stubs
 *(.glue_7t)
 .glue_7t       0x00000000        0x0 linker stubs
 *(.vfp11_veneer)
 .vfp11_veneer  0x00000000        0x0 linker stubs
 *(.ARM.extab)
 *(.gnu.linkonce.armextab.*)

.v4_bx          0x20014a7c        0x0
 .v4_bx         0x00000000        0x0 linker stubs

.iplt           0x20014a7c        0x0
 .iplt          0x00000000        0x0 build/src/main.o

.init
 *(.init)

.fini
 *(.fini)

.rodata         0x20014a80      0x258
                0x20014a80                __rodata_start = .
 *(.rodata)
 *(.rodata.*)
 .rodata.str1.1
                0x20014a80       0x26 build/src/main.o
 .rodata.str1.1
                0x20014aa6       0x22 c:\Users\Justi\AppData\Roaming\Code\User\globalStorage\vexrobotics.vexcode\sdk\cpp\IQ2\IQ2_20230627_09_00_00/vexiq2\libviq2rt.a(iq2_startup.c.o)
 .rodata._ZN3vex5PORT3E
                0x20014ac8        0x4 c:\Users\Justi\AppData\Roaming\Code\User\globalStorage\vexrobotics.vexcode\sdk\cpp\IQ2\IQ2_20230627_09_00_00/vexiq2\libviq2rt.a(vex_global.cpp.o)
                0x20014ac8                vex::PORT3
 .rodata._ZN3vex5PORT1E
                0x20014acc        0x4 c:\Users\Justi\AppData\Roaming\Code\User\globalStorage\vexrobotics.vexcode\sdk\cpp\IQ2\IQ2_20230627_09_00_00/vexiq2\libviq2rt.a(vex_global.cpp.o)
                0x20014acc                vex::PORT1
 .rodata._ZN3vex7reverseE
                0x20014ad0        0x4 c:\Users\Justi\AppData\Roaming\Code\User\globalStorage\vexrobotics.vexcode\sdk\cpp\IQ2\IQ2_20230627_09_00_00/vexiq2\libviq2rt.a(vex_global.cpp.o)
                0x20014ad0                vex::reverse
 .rodata._ZN3vex7forwardE
                0x20014ad4        0x4 c:\Users\Justi\AppData\Roaming\Code\User\globalStorage\vexrobotics.vexcode\sdk\cpp\IQ2\IQ2_20230627_09_00_00/vexiq2\libviq2rt.a(vex_global.cpp.o)
                0x20014ad4                vex::forward
 .rodata._ZN3vex7secondsE
                0x20014ad8        0x4 c:\Users\Justi\AppData\Roaming\Code\User\globalStorage\vexrobotics.vexcode\sdk\cpp\IQ2\IQ2_20230627_09_00_00/vexiq2\libviq2rt.a(vex_global.cpp.o)
                0x20014ad8                vex::seconds
 .rodata._ZN3vex4msecE
                0x20014adc        0x4 c:\Users\Justi\AppData\Roaming\Code\User\globalStorage\vexrobotics.vexcode\sdk\cpp\IQ2\IQ2_20230627_09_00_00/vexiq2\libviq2rt.a(vex_global.cpp.o)
                0x20014adc                vex::msec
 .rodata._ZN3vex5PORT9E
                0x20014ae0        0x4 c:\Users\Justi\AppData\Roaming\Code\User\globalStorage\vexrobotics.vexcode\sdk\cpp\IQ2\IQ2_20230627_09_00_00/vexiq2\libviq2rt.a(vex_global.cpp.o)
                0x20014ae0                vex::PORT9
 .rodata._ZN3vex5PORT2E
                0x20014ae4        0x4 c:\Users\Justi\AppData\Roaming\Code\User\globalStorage\vexrobotics.vexcode\sdk\cpp\IQ2\IQ2_20230627_09_00_00/vexiq2\libviq2rt.a(vex_global.cpp.o)
                0x20014ae4                vex::PORT2
 .rodata._ZN3vex5PORT6E
                0x20014ae8        0x4 c:\Users\Justi\AppData\Roaming\Code\User\globalStorage\vexrobotics.vexcode\sdk\cpp\IQ2\IQ2_20230627_09_00_00/vexiq2\libviq2rt.a(vex_global.cpp.o)
                0x20014ae8                vex::PORT6
 .rodata._ZN3vex7percentE
                0x20014aec        0x4 c:\Users\Justi\AppData\Roaming\Code\User\globalStorage\vexrobotics.vexcode\sdk\cpp\IQ2\IQ2_20230627_09_00_00/vexiq2\libviq2rt.a(vex_global.cpp.o)
                0x20014aec                vex::percent
 .rodata._ZN3vex7degreesE
                0x20014af0        0x4 c:\Users\Justi\AppData\Roaming\Code\User\globalStorage\vexrobotics.vexcode\sdk\cpp\IQ2\IQ2_20230627_09_00_00/vexiq2\libviq2rt.a(vex_global.cpp.o)
                0x20014af0                vex::degrees
 .rodata._ZN3vex4holdE
                0x20014af4        0x4 c:\Users\Justi\AppData\Roaming\Code\User\globalStorage\vexrobotics.vexcode\sdk\cpp\IQ2\IQ2_20230627_09_00_00/vexiq2\libviq2rt.a(vex_global.cpp.o)
                0x20014af4                vex::hold
 .rodata._ZN3vex5brakeE
                0x20014af8        0x4 c:\Users\Justi\AppData\Roaming\Code\User\globalStorage\vexrobotics.vexcode\sdk\cpp\IQ2\IQ2_20230627_09_00_00/vexiq2\libviq2rt.a(vex_global.cpp.o)
                0x20014af8                vex::brake
 .rodata._ZN3vex5PORT4E
                0x20014afc        0x4 c:\Users\Justi\AppData\Roaming\Code\User\globalStorage\vexrobotics.vexcode\sdk\cpp\IQ2\IQ2_20230627_09_00_00/vexiq2\libviq2rt.a(vex_global.cpp.o)
                0x20014afc                vex::PORT4
 .rodata._ZN3vex5PORT8E
                0x20014b00        0x4 c:\Users\Justi\AppData\Roaming\Code\User\globalStorage\vexrobotics.vexcode\sdk\cpp\IQ2\IQ2_20230627_09_00_00/vexiq2\libviq2rt.a(vex_global.cpp.o)
                0x20014b00                vex::PORT8
 .rodata.str1.1
                0x20014b04       0x14 c:\Users\Justi\AppData\Roaming\Code\User\globalStorage\vexrobotics.vexcode\sdk\cpp\IQ2\IQ2_20230627_09_00_00/vexiq2\libviq2rt.a(vex_task.cpp.o)
 .rodata.str1.1
                0x20014b18       0x20 c:\Users\Justi\AppData\Roaming\Code\User\globalStorage\vexrobotics.vexcode\sdk\cpp\IQ2\IQ2_20230627_09_00_00/vexiq2\libviq2rt.a(vex_brain.cpp.o)
 .rodata._ZTVN3vex5motorE
                0x20014b38       0x10 c:\Users\Justi\AppData\Roaming\Code\User\globalStorage\vexrobotics.vexcode\sdk\cpp\IQ2\IQ2_20230627_09_00_00/vexiq2\libviq2rt.a(vex_motor.cpp.o)
                0x20014b38                vtable for vex::motor
 .rodata._ZTVN3vex8touchledE
                0x20014b48       0x10 c:\Users\Justi\AppData\Roaming\Code\User\globalStorage\vexrobotics.vexcode\sdk\cpp\IQ2\IQ2_20230627_09_00_00/vexiq2\libviq2rt.a(vex_touchled.cpp.o)
                0x20014b48                vtable for vex::touchled
 .rodata._ZTVN3vex8inertialE
                0x20014b58       0x68 c:\Users\Justi\AppData\Roaming\Code\User\globalStorage\vexrobotics.vexcode\sdk\cpp\IQ2\IQ2_20230627_09_00_00/vexiq2\libviq2rt.a(vex_imu.cpp.o)
                0x20014b58                vtable for vex::inertial
 .rodata._ZTVN3vex10drivetrainE
                0x20014bc0       0x24 c:\Users\Justi\AppData\Roaming\Code\User\globalStorage\vexrobotics.vexcode\sdk\cpp\IQ2\IQ2_20230627_09_00_00/vexiq2\libviq2rt.a(vex_drivetrain.cpp.o)
                0x20014bc0                vtable for vex::drivetrain
 .rodata.str1.1
                0x20014be4        0xa c:\Users\Justi\AppData\Roaming\Code\User\globalStorage\vexrobotics.vexcode\sdk\cpp\IQ2\IQ2_20230627_09_00_00/vexiq2\libviq2rt.a(vex_smartdrive.cpp.o)
 *fill*         0x20014bee        0x2 
 .rodata._ZTVN3vex10smartdriveE
                0x20014bf0       0x24 c:\Users\Justi\AppData\Roaming\Code\User\globalStorage\vexrobotics.vexcode\sdk\cpp\IQ2\IQ2_20230627_09_00_00/vexiq2\libviq2rt.a(vex_smartdrive.cpp.o)
                0x20014bf0                vtable for vex::smartdrive
 *fill*         0x20014c14        0x4 
 .rodata._ZTVN3vex6deviceE
                0x20014c18       0x10 c:\Users\Justi\AppData\Roaming\Code\User\globalStorage\vexrobotics.vexcode\sdk\cpp\IQ2\IQ2_20230627_09_00_00/vexiq2\libviq2rt.a(vex_device.cpp.o)
                0x20014c18                vtable for vex::device
 .rodata.__sf_fake_stderr
                0x20014c28       0x20 c:\Users\Justi\AppData\Roaming\Code\User\globalStorage\vexrobotics.vexcode\sdk\cpp\IQ2\IQ2_20230627_09_00_00/vexiq2/gcc/libs\libc_nano.a(lib_a-findfp.o)
                0x20014c28                __sf_fake_stderr
 .rodata.__sf_fake_stdin
                0x20014c48       0x20 c:\Users\Justi\AppData\Roaming\Code\User\globalStorage\vexrobotics.vexcode\sdk\cpp\IQ2\IQ2_20230627_09_00_00/vexiq2/gcc/libs\libc_nano.a(lib_a-findfp.o)
                0x20014c48                __sf_fake_stdin
 .rodata.__sf_fake_stdout
                0x20014c68       0x20 c:\Users\Justi\AppData\Roaming\Code\User\globalStorage\vexrobotics.vexcode\sdk\cpp\IQ2\IQ2_20230627_09_00_00/vexiq2/gcc/libs\libc_nano.a(lib_a-findfp.o)
                0x20014c68                __sf_fake_stdout
 .rodata._global_impure_ptr
                0x20014c88        0x4 c:\Users\Justi\AppData\Roaming\Code\User\globalStorage\vexrobotics.vexcode\sdk\cpp\IQ2\IQ2_20230627_09_00_00/vexiq2/gcc/libs\libc_nano.a(lib_a-impure.o)
                0x20014c88                _global_impure_ptr
 .rodata._vfprintf_r.str1.1
                0x20014c8c       0x11 c:\Users\Justi\AppData\Roaming\Code\User\globalStorage\vexrobotics.vexcode\sdk\cpp\IQ2\IQ2_20230627_09_00_00/vexiq2/gcc/libs\libc_nano.a(lib_a-nano-vfprintf.o)
 .rodata._printf_i.str1.1
                0x20014c9d       0x22 c:\Users\Justi\AppData\Roaming\Code\User\globalStorage\vexrobotics.vexcode\sdk\cpp\IQ2\IQ2_20230627_09_00_00/vexiq2/gcc/libs\libc_nano.a(lib_a-nano-vfprintf_i.o)
 *fill*         0x20014cbf        0x1 
 .rodata.fmod.str1.4
                0x20014cc0        0x8 c:\Users\Justi\AppData\Roaming\Code\User\globalStorage\vexrobotics.vexcode\sdk\cpp\IQ2\IQ2_20230627_09_00_00/vexiq2/gcc/libs\libm.a(lib_a-w_fmod.o)
                                  0x5 (size before relaxing)
 .rodata.Zero   0x20014cc8       0x10 c:\Users\Justi\AppData\Roaming\Code\User\globalStorage\vexrobotics.vexcode\sdk\cpp\IQ2\IQ2_20230627_09_00_00/vexiq2/gcc/libs\libm.a(lib_a-e_fmod.o)
 *(.gnu.linkonce.r.*)
                0x20014cd8                __rodata_end = .

.rodata1        0x20014cd8        0x0
                0x20014cd8                __rodata1_start = .
 *(.rodata1)
 *(.rodata1.*)
                0x20014cd8                __rodata1_end = .

.sdata2         0x20014cd8        0x0
                0x20014cd8                __sdata2_start = .
 *(.sdata2)
 *(.sdata2.*)
 *(.gnu.linkonce.s2.*)
                0x20014cd8                __sdata2_end = .

.sbss2          0x20014cd8        0x0
                0x20014cd8                __sbss2_start = .
 *(.sbss2)
 *(.sbss2.*)
 *(.gnu.linkonce.sb2.*)
                0x20014cd8                __sbss2_end = .

.data           0x20014cd8       0x71
                0x20014cd8                __data_start = .
                0x20014cd8                __data_load = .
 *(.data)
 *(.data.*)
 .data.ifTaskPaused
                0x20014cd8        0x1 build/src/main.o
                0x20014cd8                ifTaskPaused
 *fill*         0x20014cd9        0x3 
 .data.__yoff   0x20014cdc        0x4 c:\Users\Justi\AppData\Roaming\Code\User\globalStorage\vexrobotics.vexcode\sdk\cpp\IQ2\IQ2_20230627_09_00_00/vexiq2\libviq2rt.a(iq2_apijump.c.o)
 .data._ZN3vex24__default_motor_velocityE
                0x20014ce0        0x4 c:\Users\Justi\AppData\Roaming\Code\User\globalStorage\vexrobotics.vexcode\sdk\cpp\IQ2\IQ2_20230627_09_00_00/vexiq2\libviq2rt.a(vex_motor.cpp.o)
                0x20014ce0                vex::__default_motor_velocity
 .data._impure_ptr
                0x20014ce4        0x4 c:\Users\Justi\AppData\Roaming\Code\User\globalStorage\vexrobotics.vexcode\sdk\cpp\IQ2\IQ2_20230627_09_00_00/vexiq2/gcc/libs\libc_nano.a(lib_a-impure.o)
                0x20014ce4                _impure_ptr
 .data.impure_data
                0x20014ce8       0x60 c:\Users\Justi\AppData\Roaming\Code\User\globalStorage\vexrobotics.vexcode\sdk\cpp\IQ2\IQ2_20230627_09_00_00/vexiq2/gcc/libs\libc_nano.a(lib_a-impure.o)
 .data.__fdlib_version
                0x20014d48        0x1 c:\Users\Justi\AppData\Roaming\Code\User\globalStorage\vexrobotics.vexcode\sdk\cpp\IQ2\IQ2_20230627_09_00_00/vexiq2/gcc/libs\libm.a(lib_a-s_lib_ver.o)
                0x20014d48                __fdlib_version
 *(.gnu.linkonce.d.*)
 *(.jcr)
 *(.got)
 *(.got.plt)
                0x20014d49                __data_end = .

.igot.plt       0x20014d4c        0x0
 .igot.plt      0x00000000        0x0 build/src/main.o

.data1          0x20014d49        0x0
                0x20014d49                __data1_start = .
                0x20014d49                __data1_load = .
 *(.data1)
 *(.data1.*)
                0x20014d49                __data1_end = .

.got
 *(.got)

.ctors          0x20014d49        0x0
                0x20014d49                __CTOR_LIST__ = .
                0x20014d49                ___CTORS_LIST___ = .
 *crtbegin.o(.ctors)
 *(EXCLUDE_FILE(*crtend.o) .ctors)
 *(SORT(.ctors.*))
 *(.ctors)
                0x20014d49                __CTOR_END__ = .
                0x20014d49                ___CTORS_END___ = .

.dtors          0x20014d49        0x0
                0x20014d49                __DTOR_LIST__ = .
                0x20014d49                ___DTORS_LIST___ = .
 *crtbegin.o(.dtors)
 *(EXCLUDE_FILE(*crtend.o) .dtors)
 *(SORT(.dtors.*))
 *(.dtors)
                0x20014d49                __DTOR_END__ = .
                0x20014d49                ___DTORS_END___ = .

.fixup          0x20014d49        0x0
                0x20014d49                __fixup_start = .
 *(.fixup)
                0x20014d49                __fixup_end = .

.eh_frame
 *(.eh_frame)

.eh_framehdr    0x20014d49        0x0
                0x20014d49                __eh_framehdr_start = .
 *(.eh_framehdr)
                0x20014d49                __eh_framehdr_end = .

.gcc_except_table
 *(.gcc_except_table)

.mmu_tbl        0x20018000        0x0
                0x20018000                __mmu_tbl_start = .
 *(.mmu_tbl)
                0x20018000                __mmu_tbl_end = .

.ARM.exidx      0x20014d4c        0x8
                0x20014d4c                __exidx_start = .
 *(.ARM.exidx*)